Component: ARM Compiler 5.06 update 5 (build 528) Tool: armlink [4d35e2]

==============================================================================

Section Cross References

    startup_stm32f105xc.o(RESET) refers to startup_stm32f105xc.o(STACK) for __initial_sp
    startup_stm32f105xc.o(RESET) refers to startup_stm32f105xc.o(.text) for Reset_Handler
    startup_stm32f105xc.o(RESET) refers to stm32f1xx_it.o(i.NMI_Handler) for NMI_Handler
    startup_stm32f105xc.o(RESET) refers to stm32f1xx_it.o(i.HardFault_Handler) for HardFault_Handler
    startup_stm32f105xc.o(RESET) refers to stm32f1xx_it.o(i.MemManage_Handler) for MemManage_Handler
    startup_stm32f105xc.o(RESET) refers to stm32f1xx_it.o(i.BusFault_Handler) for BusFault_Handler
    startup_stm32f105xc.o(RESET) refers to stm32f1xx_it.o(i.UsageFault_Handler) for UsageFault_Handler
    startup_stm32f105xc.o(RESET) refers to port.o(.emb_text) for SVC_Handler
    startup_stm32f105xc.o(RESET) refers to stm32f1xx_it.o(i.DebugMon_Handler) for DebugMon_Handler
    startup_stm32f105xc.o(RESET) refers to stm32f1xx_it.o(i.SysTick_Handler) for SysTick_Handler
    startup_stm32f105xc.o(RESET) refers to stm32f1xx_it.o(i.DMA1_Channel3_IRQHandler) for DMA1_Channel3_IRQHandler
    startup_stm32f105xc.o(RESET) refers to stm32f1xx_it.o(i.CAN1_TX_IRQHandler) for CAN1_TX_IRQHandler
    startup_stm32f105xc.o(RESET) refers to stm32f1xx_it.o(i.CAN1_RX0_IRQHandler) for CAN1_RX0_IRQHandler
    startup_stm32f105xc.o(RESET) refers to stm32f1xx_it.o(i.USART3_IRQHandler) for USART3_IRQHandler
    startup_stm32f105xc.o(.text) refers to system_stm32f1xx.o(i.SystemInit) for SystemInit
    startup_stm32f105xc.o(.text) refers to entry.o(.ARM.Collect$$$$00000000) for __main
    main.o(i.SystemClock_Config) refers to memseta.o(.text) for __aeabi_memclr4
    main.o(i.SystemClock_Config) refers to stm32f1xx_hal_rcc.o(i.HAL_RCC_OscConfig) for HAL_RCC_OscConfig
    main.o(i.SystemClock_Config) refers to stm32f1xx_hal_rcc.o(i.HAL_RCC_ClockConfig) for HAL_RCC_ClockConfig
    main.o(i.main) refers to stm32f1xx_hal.o(i.HAL_Init) for HAL_Init
    main.o(i.main) refers to main.o(i.SystemClock_Config) for SystemClock_Config
    main.o(i.main) refers to gpio.o(i.MX_GPIO_Init) for MX_GPIO_Init
    main.o(i.main) refers to dma.o(i.MX_DMA_Init) for MX_DMA_Init
    main.o(i.main) refers to spi.o(i.MX_SPI1_Init) for MX_SPI1_Init
    main.o(i.main) refers to usart.o(i.MX_USART2_UART_Init) for MX_USART2_UART_Init
    main.o(i.main) refers to usart.o(i.MX_USART3_UART_Init) for MX_USART3_UART_Init
    main.o(i.main) refers to can.o(i.MX_CAN1_Init) for MX_CAN1_Init
    main.o(i.main) refers to bsp_can.o(i.can_user_init) for can_user_init
    main.o(i.main) refers to dji_remote.o(i.HAL_UART_Receive_IT_IDLE) for HAL_UART_Receive_IT_IDLE
    main.o(i.main) refers to freertos.o(i.MX_FREERTOS_Init) for MX_FREERTOS_Init
    main.o(i.main) refers to cmsis_os.o(i.osKernelStart) for osKernelStart
    main.o(i.main) refers to can.o(.bss) for hcan1
    main.o(i.main) refers to dji_remote.o(.bss) for UART_Buffer
    main.o(i.main) refers to usart.o(.bss) for huart3
    gpio.o(i.LED_OFF) refers to stm32f1xx_hal_gpio.o(i.HAL_GPIO_WritePin) for HAL_GPIO_WritePin
    gpio.o(i.MX_GPIO_Init) refers to stm32f1xx_hal_gpio.o(i.HAL_GPIO_WritePin) for HAL_GPIO_WritePin
    gpio.o(i.MX_GPIO_Init) refers to stm32f1xx_hal_gpio.o(i.HAL_GPIO_Init) for HAL_GPIO_Init
    can.o(i.HAL_CAN_MspDeInit) refers to stm32f1xx_hal_gpio.o(i.HAL_GPIO_DeInit) for HAL_GPIO_DeInit
    can.o(i.HAL_CAN_MspDeInit) refers to stm32f1xx_hal_cortex.o(i.HAL_NVIC_DisableIRQ) for HAL_NVIC_DisableIRQ
    can.o(i.HAL_CAN_MspInit) refers to stm32f1xx_hal_gpio.o(i.HAL_GPIO_Init) for HAL_GPIO_Init
    can.o(i.HAL_CAN_MspInit) refers to stm32f1xx_hal_cortex.o(i.HAL_NVIC_SetPriority) for HAL_NVIC_SetPriority
    can.o(i.HAL_CAN_MspInit) refers to stm32f1xx_hal_cortex.o(i.HAL_NVIC_EnableIRQ) for HAL_NVIC_EnableIRQ
    can.o(i.MX_CAN1_Init) refers to stm32f1xx_hal_can.o(i.HAL_CAN_Init) for HAL_CAN_Init
    can.o(i.MX_CAN1_Init) refers to main.o(i.Error_Handler) for Error_Handler
    can.o(i.MX_CAN1_Init) refers to can.o(.bss) for .bss
    dma.o(i.MX_DMA_Init) refers to stm32f1xx_hal_cortex.o(i.HAL_NVIC_SetPriority) for HAL_NVIC_SetPriority
    dma.o(i.MX_DMA_Init) refers to stm32f1xx_hal_cortex.o(i.HAL_NVIC_EnableIRQ) for HAL_NVIC_EnableIRQ
    freertos.o(i.MX_FREERTOS_Init) refers to memcpya.o(.text) for __aeabi_memcpy4
    freertos.o(i.MX_FREERTOS_Init) refers to cmsis_os.o(i.osThreadCreate) for osThreadCreate
    freertos.o(i.MX_FREERTOS_Init) refers to printfa.o(i.__0printf) for __2printf
    freertos.o(i.MX_FREERTOS_Init) refers to freertos.o(.constdata) for .constdata
    freertos.o(i.MX_FREERTOS_Init) refers to freertos.o(.data) for .data
    freertos.o(i.StartTask) refers to port.o(i.vPortEnterCritical) for vPortEnterCritical
    freertos.o(i.StartTask) refers to memcpya.o(.text) for __aeabi_memcpy4
[...]
    ..\Drivers\STM32F1xx_HAL_Driver\Src\stm32f1xx_hal_cortex.c 0x00000000   Number         0  stm32f1xx_hal_cortex.o ABSOLUTE
    ..\Drivers\STM32F1xx_HAL_Driver\Src\stm32f1xx_hal_dma.c 0x00000000   Number         0  stm32f1xx_hal_dma.o ABSOLUTE
    ..\Drivers\STM32F1xx_HAL_Driver\Src\stm32f1xx_hal_flash.c 0x00000000   Number         0  stm32f1xx_hal_flash.o ABSOLUTE
    ..\Drivers\STM32F1xx_HAL_Driver\Src\stm32f1xx_hal_flash_ex.c 0x00000000   Number         0  stm32f1xx_hal_flash_ex.o ABSOLUTE
    ..\Drivers\STM32F1xx_HAL_Driver\Src\stm32f1xx_hal_gpio.c 0x00000000   Number         0  stm32f1xx_hal_gpio.o ABSOLUTE
    ..\Drivers\STM32F1xx_HAL_Driver\Src\stm32f1xx_hal_gpio_ex.c 0x00000000   Number         0  stm32f1xx_hal_gpio_ex.o ABSOLUTE
    ..\Drivers\STM32F1xx_HAL_Driver\Src\stm32f1xx_hal_pwr.c 0x00000000   Number         0  stm32f1xx_hal_pwr.o ABSOLUTE
    ..\Drivers\STM32F1xx_HAL_Driver\Src\stm32f1xx_hal_rcc.c 0x00000000   Number         0  stm32f1xx_hal_rcc.o ABSOLUTE
    ..\Drivers\STM32F1xx_HAL_Driver\Src\stm32f1xx_hal_rcc_ex.c 0x00000000   Number         0  stm32f1xx_hal_rcc_ex.o ABSOLUTE
    ..\Drivers\STM32F1xx_HAL_Driver\Src\stm32f1xx_hal_spi.c 0x00000000   Number         0  stm32f1xx_hal_spi.o ABSOLUTE
    ..\Drivers\STM32F1xx_HAL_Driver\Src\stm32f1xx_hal_spi_ex.c 0x00000000   Number         0  stm32f1xx_hal_spi_ex.o ABSOLUTE
    ..\Drivers\STM32F1xx_HAL_Driver\Src\stm32f1xx_hal_tim.c 0x00000000   Number         0  stm32f1xx_hal_tim.o ABSOLUTE
    ..\Drivers\STM32F1xx_HAL_Driver\Src\stm32f1xx_hal_tim_ex.c 0x00000000   Number         0  stm32f1xx_hal_tim_ex.o ABSOLUTE
    ..\Drivers\STM32F1xx_HAL_Driver\Src\stm32f1xx_hal_uart.c 0x00000000   Number         0  stm32f1xx_hal_uart.o ABSOLUTE
    ..\Middlewares\Third_Party\FreeRTOS\Source\CMSIS_RTOS\cmsis_os.c 0x00000000   Number         0  cmsis_os.o ABSOLUTE
    ..\Middlewares\Third_Party\FreeRTOS\Source\portable\RVDS\ARM_CM3\port.c 0x00000000   Number         0  port.o ABSOLUTE
    ..\Src\can.c                             0x00000000   Number         0  can.o ABSOLUTE
    ..\Src\dma.c                             0x00000000   Number         0  dma.o ABSOLUTE
    ..\Src\freertos.c                        0x00000000   Number         0  freertos.o ABSOLUTE
    ..\Src\gpio.c                            0x00000000   Number         0  gpio.o ABSOLUTE
    ..\Src\main.c                            0x00000000   Number         0  main.o ABSOLUTE
    ..\Src\spi.c                             0x00000000   Number         0  spi.o ABSOLUTE
    ..\Src\stm32f1xx_hal_msp.c               0x00000000   Number         0  stm32f1xx_hal_msp.o ABSOLUTE
    ..\Src\stm32f1xx_it.c                    0x00000000   Number         0  stm32f1xx_it.o ABSOLUTE
    ..\Src\system_stm32f1xx.c                0x00000000   Number         0  system_stm32f1xx.o ABSOLUTE
    ..\Src\usart.c                           0x00000000   Number         0  usart.o ABSOLUTE
    ..\User_lib\User_lib.c                   0x00000000   Number         0  user_lib.o ABSOLUTE
    ..\\User_lib\\User_lib.c                 0x00000000   Number         0  user_lib.o ABSOLUTE
    ..\\app\\Chassis_Task\\Chassis_Task.c    0x00000000   Number         0  chassis_task.o ABSOLUTE
    ..\\app\\Initial_Task\\Initial_Task.c    0x00000000   Number         0  initial_task.o ABSOLUTE
    ..\\app\\User_Task\\User_task.c          0x00000000   Number         0  user_task.o ABSOLUTE
    ..\\app\\robomaster_vcan\\robomaster_vcan.c 0x00000000   Number         0  robomaster_vcan.o ABSOLUTE
    ..\\hardware\\Bsp-can\\bsp_can.c         0x00000000   Number         0  bsp_can.o ABSOLUTE
    ..\\hardware\\Bsp-can\\pid.c             0x00000000   Number         0  pid.o ABSOLUTE
    ..\\hardware\\DJI_Remote\\dji_remote.c   0x00000000   Number         0  dji_remote.o ABSOLUTE
    ..\\hardware\\oled\\oled.c               0x00000000   Number         0  oled.o ABSOLUTE
    ..\app\Chassis_Task\Chassis_Task.c       0x00000000   Number         0  chassis_task.o ABSOLUTE
    ..\app\Initial_Task\Initial_Task.c       0x00000000   Number         0  initial_task.o ABSOLUTE
    ..\app\User_Task\User_task.c             0x00000000   Number         0  user_task.o ABSOLUTE
    ..\app\robomaster_vcan\robomaster_vcan.c 0x00000000   Number         0  robomaster_vcan.o ABSOLUTE
    ..\hardware\Bsp-can\bsp_can.c            0x00000000   Number         0  bsp_can.o ABSOLUTE
    ..\hardware\Bsp-can\pid.c                0x00000000   Number         0  pid.o ABSOLUTE
    ..\hardware\DJI_Remote\dji_remote.c      0x00000000   Number         0  dji_remote.o ABSOLUTE
    ..\hardware\oled\oled.c                  0x00000000   Number         0  oled.o ABSOLUTE
    cdrcmple.s                               0x00000000   Number         0  cdrcmple.o ABSOLUTE
    cfcmple.s                                0x00000000   Number         0  cfcmple.o ABSOLUTE
    cfrcmple.s                               0x00000000   Number         0  cfrcmple.o ABSOLUTE
    dc.s                                     0x00000000   Number         0  dc.o ABSOLUTE
    handlers.s                               0x00000000   Number         0  handlers.o ABSOLUTE
    init.s                                   0x00000000   Number         0  init.o ABSOLUTE
    startup_stm32f105xc.s                    0x00000000   Number         0  startup_stm32f105xc.o ABSOLUTE
    RESET                                    0x08000000   Section      336  startup_stm32f105xc.o(RESET)
    .ARM.Collect$$$$00000000                 0x08000150   Section        0  entry.o(.ARM.Collect$$$$00000000)
    .ARM.Collect$$$$00000001                 0x08000150   Section        4  entry2.o(.ARM.Collect$$$$00000001)
    .ARM.Collect$$$$00000004                 0x08000154   Section        4  entry5.o(.ARM.Collect$$$$00000004)
    .ARM.Collect$$$$00000008                 0x08000158   Section        0  entry7b.o(.ARM.Collect$$$$00000008)
    .ARM.Collect$$$$0000000A                 0x08000158   Section        0  entry8b.o(.ARM.Collect$$$$0000000A)
    .ARM.Collect$$$$0000000B                 0x08000158   Section        8  entry9a.o(.ARM.Collect$$$$0000000B)
    .ARM.Collect$$$$0000000D                 0x08000160   Section        0  entry10a.o(.ARM.Collect$$$$0000000D)
    .ARM.Collect$$$$0000000F                 0x08000160   Section        0  entry11a.o(.ARM.Collect$$$$0000000F)
    .ARM.Collect$$$$00002712                 0x08000160   Section        4  entry2.o(.ARM.Collect$$$$00002712)
    __lit__00000000                          0x08000160   Data           4  entry2.o(.ARM.Collect$$$$00002712)
    .emb_text                                0x08000164   Section      150  port.o(.emb_text)
    .text                                    0x080001fc   Section       36  startup_stm32f105xc.o(.text)
    .text                                    0x08000220   Section        0  uldiv.o(.text)
    .text                                    0x08000282   Section        0  llushr.o(.text)
    .text                                    0x080002a2   Section        0  memcpya.o(.text)
    .text                                    0x080002c6   Section        0  memseta.o(.text)
    .text                                    0x080002ea   Section        0  fadd.o(.text)
    .text                                    0x0800039a   Section        0  fmul.o(.text)
    .text                                    0x080003fe   Section        0  fflti.o(.text)
    .text                                    0x08000410   Section        0  ffixi.o(.text)
    .text                                    0x08000444   Section       20  cfrcmple.o(.text)
    .text                                    0x08000458   Section        0  uidiv.o(.text)
    .text                                    0x08000484   Section        0  llshl.o(.text)
    .text                                    0x080004a2   Section        0  fepilogue.o(.text)
    .text                                    0x080004a2   Section        0  iusefp.o(.text)
    .text                                    0x08000510   Section        0  dadd.o(.text)
    .text                                    0x0800065e   Section        0  dmul.o(.text)
    .text                                    0x08000742   Section        0  ddiv.o(.text)
    .text                                    0x08000820   Section        0  dfixul.o(.text)
    .text                                    0x08000850   Section       48  cdrcmple.o(.text)
    .text                                    0x08000880   Section       36  init.o(.text)
    .text                                    0x080008a4   Section        0  llsshr.o(.text)
    .text                                    0x080008c8   Section        0  depilogue.o(.text)
    i.BusFault_Handler                       0x08000982   Section        0  stm32f1xx_it.o(i.BusFault_Handler)
    i.CAN1_RX0_IRQHandler                    0x08000984   Section        0  stm32f1xx_it.o(i.CAN1_RX0_IRQHandler)
    i.CAN1_TX_IRQHandler                     0x08000990   Section        0  stm32f1xx_it.o(i.CAN1_TX_IRQHandler)
    i.Callback_RC_Handle                     0x0800099c   Section        0  dji_remote.o(i.Callback_RC_Handle)
    i.Chassis_Task                           0x08000a30   Section        0  chassis_task.o(i.Chassis_Task)
    i.DMA1_Channel3_IRQHandler               0x08000af4   Section        0  stm32f1xx_it.o(i.DMA1_Channel3_IRQHandler)
    i.DMA_SetConfig                          0x08000b00   Section        0  stm32f1xx_hal_dma.o(i.DMA_SetConfig)
    DMA_SetConfig                            0x08000b01   Thumb Code    42  stm32f1xx_hal_dma.o(i.DMA_SetConfig)
    i.DebugMon_Handler                       0x08000b2a   Section        0  stm32f1xx_it.o(i.DebugMon_Handler)
    i.Error_Handler                          0x08000b2c   Section        0  main.o(i.Error_Handler)
    i.HAL_CAN_ActivateNotification           0x08000b2e   Section        0  stm32f1xx_hal_can.o(i.HAL_CAN_ActivateNotification)
    i.HAL_CAN_AddTxMessage                   0x08000b52   Section        0  stm32f1xx_hal_can.o(i.HAL_CAN_AddTxMessage)
    i.HAL_CAN_ConfigFilter                   0x08000c1c   Section        0  stm32f1xx_hal_can.o(i.HAL_CAN_ConfigFilter)
    i.HAL_CAN_ErrorCallback                  0x08000d28   Section        0  stm32f1xx_hal_can.o(i.HAL_CAN_ErrorCallback)
    i.HAL_CAN_GetRxMessage                   0x08000d2a   Section        0  stm32f1xx_hal_can.o(i.HAL_CAN_GetRxMessage)
    i.HAL_CAN_IRQHandler                     0x08000e12   Section        0  stm32f1xx_hal_can.o(i.HAL_CAN_IRQHandler)
    i.HAL_CAN_Init                           0x0800100e   Section        0  stm32f1xx_hal_can.o(i.HAL_CAN_Init)
    i.HAL_CAN_MspInit                        0x08001128   Section        0  can.o(i.HAL_CAN_MspInit)
    i.HAL_CAN_RxFifo0FullCallback            0x080011cc   Section        0  stm32f1xx_hal_can.o(i.HAL_CAN_RxFifo0FullCallback)
    i.HAL_CAN_RxFifo0MsgPendingCallback      0x080011d0   Section        0  bsp_can.o(i.HAL_CAN_RxFifo0MsgPendingCallback)
    i.HAL_CAN_RxFifo1FullCallback            0x0800123c   Section        0  stm32f1xx_hal_can.o(i.HAL_CAN_RxFifo1FullCallback)
    i.HAL_CAN_RxFifo1MsgPendingCallback      0x0800123e   Section        0  stm32f1xx_hal_can.o(i.HAL_CAN_RxFifo1MsgPendingCallback)
    i.HAL_CAN_SleepCallback                  0x08001240   Section        0  stm32f1xx_hal_can.o(i.HAL_CAN_SleepCallback)
    i.HAL_CAN_Start                          0x08001244   Section        0  stm32f1xx_hal_can.o(i.HAL_CAN_Start)
    i.HAL_CAN_TxMailbox0AbortCallback        0x0800129c   Section        0  stm32f1xx_hal_can.o(i.HAL_CAN_TxMailbox0AbortCallback)
    i.HAL_CAN_TxMailbox0CompleteCallback     0x0800129e   Section        0  stm32f1xx_hal_can.o(i.HAL_CAN_TxMailbox0CompleteCallback)
    i.HAL_CAN_TxMailbox1AbortCallback        0x080012a0   Section        0  stm32f1xx_hal_can.o(i.HAL_CAN_TxMailbox1AbortCallback)
    i.HAL_CAN_TxMailbox1CompleteCallback     0x080012a2   Section        0  stm32f1xx_hal_can.o(i.HAL_CAN_TxMailbox1CompleteCallback)
    i.HAL_CAN_TxMailbox2AbortCallback        0x080012a4   Section        0  stm32f1xx_hal_can.o(i.HAL_CAN_TxMailbox2AbortCallback)
    i.HAL_CAN_TxMailbox2CompleteCallback     0x080012a6   Section        0  stm32f1xx_hal_can.o(i.HAL_CAN_TxMailbox2CompleteCallback)
    i.HAL_CAN_WakeUpFromRxMsgCallback        0x080012a8   Section        0  stm32f1xx_hal_can.o(i.HAL_CAN_WakeUpFromRxMsgCallback)
    i.HAL_DMA_IRQHandler                     0x080012ac   Section        0  stm32f1xx_hal_dma.o(i.HAL_DMA_IRQHandler)
    i.HAL_DMA_Init                           0x080014f4   Section        0  stm32f1xx_hal_dma.o(i.HAL_DMA_Init)
    i.HAL_DMA_Start                          0x08001570   Section        0  stm32f1xx_hal_dma.o(i.HAL_DMA_Start)
    i.HAL_Delay                              0x080015c0   Section        0  stm32f1xx_hal.o(i.HAL_Delay)
    i.HAL_GPIO_Init                          0x080015e4   Section        0  stm32f1xx_hal_gpio.o(i.HAL_GPIO_Init)
    i.HAL_GPIO_TogglePin                     0x080017a0   Section        0  stm32f1xx_hal_gpio.o(i.HAL_GPIO_TogglePin)
    i.HAL_GPIO_WritePin                      0x080017a8   Section        0  stm32f1xx_hal_gpio.o(i.HAL_GPIO_WritePin)
    i.HAL_GetTick                            0x080017b4   Section        0  stm32f1xx_hal.o(i.HAL_GetTick)
    i.HAL_IncTick                            0x080017c0   Section        0  stm32f1xx_hal.o(i.HAL_IncTick)
    i.HAL_Init                               0x080017d0   Section        0  stm32f1xx_hal.o(i.HAL_Init)
    i.HAL_InitTick                           0x080017f4   Section        0  stm32f1xx_hal.o(i.HAL_InitTick)
    i.HAL_MspInit                            0x08001834   Section        0  stm32f1xx_hal_msp.o(i.HAL_MspInit)
    i.HAL_NVIC_EnableIRQ                     0x0800187c   Section        0  stm32f1xx_hal_cortex.o(i.HAL_NVIC_EnableIRQ)
    i.HAL_NVIC_SetPriority                   0x08001894   Section        0  stm32f1xx_hal_cortex.o(i.HAL_NVIC_SetPriority)
    i.HAL_NVIC_SetPriorityGrouping           0x080018d4   Section        0  stm32f1xx_hal_cortex.o(i.HAL_NVIC_SetPriorityGrouping)
    i.HAL_RCC_ClockConfig                    0x080018f8   Section        0  stm32f1xx_hal_rcc.o(i.HAL_RCC_ClockConfig)
    i.HAL_RCC_GetPCLK1Freq                   0x08001a64   Section        0  stm32f1xx_hal_rcc.o(i.HAL_RCC_GetPCLK1Freq)
    i.HAL_RCC_GetPCLK2Freq                   0x08001a84   Section        0  stm32f1xx_hal_rcc.o(i.HAL_RCC_GetPCLK2Freq)
    i.HAL_RCC_GetSysClockFreq                0x08001aa4   Section        0  stm32f1xx_hal_rcc.o(i.HAL_RCC_GetSysClockFreq)
    i.HAL_RCC_OscConfig                      0x08001b68   Section        0  stm32f1xx_hal_rcc.o(i.HAL_RCC_OscConfig)
    i.HAL_SPI_Init                           0x08001f30   Section        0  stm32f1xx_hal_spi_ex.o(i.HAL_SPI_Init)
    i.HAL_SPI_MspInit                        0x08001fb4   Section        0  spi.o(i.HAL_SPI_MspInit)
    i.HAL_SPI_Transmit                       0x08002024   Section        0  stm32f1xx_hal_spi.o(i.HAL_SPI_Transmit)
    i.HAL_SYSTICK_Config                     0x0800218c   Section        0  stm32f1xx_hal_cortex.o(i.HAL_SYSTICK_Config)
    i.HAL_UART_IDLE_IRQHandler               0x080021b4   Section        0  dji_remote.o(i.HAL_UART_IDLE_IRQHandler)
    i.HAL_UART_Init                          0x08002280   Section        0  stm32f1xx_hal_uart.o(i.HAL_UART_Init)
    i.HAL_UART_MspInit                       0x080022e4   Section        0  usart.o(i.HAL_UART_MspInit)
    i.HAL_UART_Receive_IT_IDLE               0x080023fc   Section        0  dji_remote.o(i.HAL_UART_Receive_IT_IDLE)
    i.HAL_UART_Transmit                      0x0800240e   Section        0  stm32f1xx_hal_uart.o(i.HAL_UART_Transmit)
    i.HardFault_Handler                      0x080024c8   Section        0  stm32f1xx_it.o(i.HardFault_Handler)
    i.Initial_Task                           0x080024cc   Section        0  initial_task.o(i.Initial_Task)
    i.MX_CAN1_Init                           0x0800258c   Section        0  can.o(i.MX_CAN1_Init)
    i.MX_DMA_Init                            0x080025d0   Section        0  dma.o(i.MX_DMA_Init)
    i.MX_FREERTOS_Init                       0x080025fc   Section        0  freertos.o(i.MX_FREERTOS_Init)
    i.MX_GPIO_Init                           0x08002640   Section        0  gpio.o(i.MX_GPIO_Init)
    i.MX_SPI1_Init                           0x080026c0   Section        0  spi.o(i.MX_SPI1_Init)
    i.MX_USART2_UART_Init                    0x0800270c   Section        0  usart.o(i.MX_USART2_UART_Init)
    i.MX_USART3_UART_Init                    0x08002744   Section        0  usart.o(i.MX_USART3_UART_Init)
    i.MemManage_Handler                      0x08002780   Section        0  stm32f1xx_it.o(i.MemManage_Handler)
    i.NMI_Handler                            0x08002782   Section        0  stm32f1xx_it.o(i.NMI_Handler)
    i.NVIC_SetPriority                       0x08002784   Section        0  stm32f1xx_hal_cortex.o(i.NVIC_SetPriority)
    NVIC_SetPriority                         0x08002785   Thumb Code    32  stm32f1xx_hal_cortex.o(i.NVIC_SetPriority)
    i.SPI_CheckFlag_BSY                      0x080027a4   Section        0  stm32f1xx_hal_spi.o(i.SPI_CheckFlag_BSY)
    SPI_CheckFlag_BSY                        0x080027a5   Thumb Code    32  stm32f1xx_hal_spi.o(i.SPI_CheckFlag_BSY)
    i.SPI_WaitFlagStateUntilTimeout          0x080027c4   Section        0  stm32f1xx_hal_spi.o(i.SPI_WaitFlagStateUntilTimeout)
    SPI_WaitFlagStateUntilTimeout            0x080027c5   Thumb Code   150  stm32f1xx_hal_spi.o(i.SPI_WaitFlagStateUntilTimeout)
    i.StartTask                              0x0800285c   Section        0  freertos.o(i.StartTask)
    i.SysTick_Handler                        0x080028a8   Section        0  stm32f1xx_it.o(i.SysTick_Handler)
    i.SystemClock_Config                     0x080028b8   Section        0  main.o(i.SystemClock_Config)
    i.SystemInit                             0x08002910   Section        0  system_stm32f1xx.o(i.SystemInit)
    i.UART_Receive_DMA_NoIT                  0x08002964   Section        0  dji_remote.o(i.UART_Receive_DMA_NoIT)
    i.UART_SetConfig                         0x080029dc   Section        0  stm32f1xx_hal_uart.o(i.UART_SetConfig)
    UART_SetConfig                           0x080029dd   Thumb Code   364  stm32f1xx_hal_uart.o(i.UART_SetConfig)
    i.UART_WaitOnFlagUntilTimeout            0x08002b4c   Section        0  stm32f1xx_hal_uart.o(i.UART_WaitOnFlagUntilTimeout)
    UART_WaitOnFlagUntilTimeout              0x08002b4d   Thumb Code   100  stm32f1xx_hal_uart.o(i.UART_WaitOnFlagUntilTimeout)
    i.USART3_IRQHandler                      0x08002bb0   Section        0  stm32f1xx_it.o(i.USART3_IRQHandler)
    i.UsageFault_Handler                     0x08002bbc   Section        0  stm32f1xx_it.o(i.UsageFault_Handler)
    i.__0printf                              0x08002bc0   Section        0  printfa.o(i.__0printf)
    i.__scatterload_copy                     0x08002be0   Section       14  handlers.o(i.__scatterload_copy)
    i.__scatterload_null                     0x08002bee   Section        2  handlers.o(i.__scatterload_null)
    i.__scatterload_zeroinit                 0x08002bf0   Section       14  handlers.o(i.__scatterload_zeroinit)
    i._fp_digits                             0x08002c00   Section        0  printfa.o(i._fp_digits)
    _fp_digits                               0x08002c01   Thumb Code   366  printfa.o(i._fp_digits)
    i._printf_core                           0x08002d84   Section        0  printfa.o(i._printf_core)
    _printf_core                             0x08002d85   Thumb Code  1744  printfa.o(i._printf_core)
    i._printf_post_padding                   0x08003460   Section        0  printfa.o(i._printf_post_padding)
    _printf_post_padding                     0x08003461   Thumb Code    36  printfa.o(i._printf_post_padding)
    i._printf_pre_padding                    0x08003484   Section        0  printfa.o(i._printf_pre_padding)
    _printf_pre_padding                      0x08003485   Thumb Code    46  printfa.o(i._printf_pre_padding)
    i.can_user_init                          0x080034b4   Section        0  bsp_can.o(i.can_user_init)
    i.fputc                                  0x080034f0   Section        0  usart.o(i.fputc)
    i.main                                   0x08003508   Section        0  main.o(i.main)
    i.makeFreeRtosPriority                   0x08003550   Section        0  cmsis_os.o(i.makeFreeRtosPriority)
    makeFreeRtosPriority                     0x08003551   Thumb Code    12  cmsis_os.o(i.makeFreeRtosPriority)
    i.oled_LOGO                              0x0800355c   Section        0  oled.o(i.oled_LOGO)
    i.oled_clear                             0x080035c0   Section        0  oled.o(i.oled_clear)
    i.oled_drawpoint                         0x08003600   Section        0  oled.o(i.oled_drawpoint)
    i.oled_init                              0x08003648   Section        0  oled.o(i.oled_init)
    i.oled_refresh_gram                      0x08003768   Section        0  oled.o(i.oled_refresh_gram)
    i.oled_set_pos                           0x0800379c   Section        0  oled.o(i.oled_set_pos)
    oled_set_pos                             0x0800379d   Thumb Code    42  oled.o(i.oled_set_pos)
    i.oled_write_byte                        0x080037c8   Section        0  oled.o(i.oled_write_byte)
    i.osDelay                                0x080037f0   Section        0  cmsis_os.o(i.osDelay)
    i.osKernelStart                          0x080037fe   Section        0  cmsis_os.o(i.osKernelStart)
    i.osSystickHandler                       0x08003808   Section        0  cmsis_os.o(i.osSystickHandler)
    i.osThreadCreate                         0x0800381c   Section        0  cmsis_os.o(i.osThreadCreate)
    i.pid_calc                               0x0800384a   Section        0  pid.o(i.pid_calc)
    i.pid_init                               0x080038f2   Section        0  pid.o(i.pid_init)
    i.prvAddCurrentTaskToDelayedList         0x08003900   Section        0  tasks.o(i.prvAddCurrentTaskToDelayedList)
    prvAddCurrentTaskToDelayedList           0x08003901   Thumb Code   102  tasks.o(i.prvAddCurrentTaskToDelayedList)
    i.prvAddNewTaskToReadyList               0x08003970   Section        0  tasks.o(i.prvAddNewTaskToReadyList)
    prvAddNewTaskToReadyList                 0x08003971   Thumb Code   194  tasks.o(i.prvAddNewTaskToReadyList)
    i.prvCheckTasksWaitingTermination        0x08003a40   Section        0  tasks.o(i.prvCheckTasksWaitingTermination)
    prvCheckTasksWaitingTermination          0x08003a41   Thumb Code    70  tasks.o(i.prvCheckTasksWaitingTermination)
    i.prvDeleteTCB                           0x08003a90   Section        0  tasks.o(i.prvDeleteTCB)
    prvDeleteTCB                             0x08003a91   Thumb Code    20  tasks.o(i.prvDeleteTCB)
    i.prvHeapInit                            0x08003aa4   Section        0  heap_4.o(i.prvHeapInit)
    prvHeapInit                              0x08003aa5   Thumb Code    66  heap_4.o(i.prvHeapInit)
    i.prvIdleTask                            0x08003af0   Section        0  tasks.o(i.prvIdleTask)
    prvIdleTask                              0x08003af1   Thumb Code    30  tasks.o(i.prvIdleTask)
    i.prvInitialiseNewTask                   0x08003b18   Section        0  tasks.o(i.prvInitialiseNewTask)
    prvInitialiseNewTask                     0x08003b19   Thumb Code   142  tasks.o(i.prvInitialiseNewTask)
    i.prvInsertBlockIntoFreeList             0x08003ba8   Section        0  heap_4.o(i.prvInsertBlockIntoFreeList)
    prvInsertBlockIntoFreeList               0x08003ba9   Thumb Code    72  heap_4.o(i.prvInsertBlockIntoFreeList)
    i.prvResetNextTaskUnblockTime            0x08003bf4   Section        0  tasks.o(i.prvResetNextTaskUnblockTime)
    prvResetNextTaskUnblockTime              0x08003bf5   Thumb Code    26  tasks.o(i.prvResetNextTaskUnblockTime)
    i.prvTaskExitError                       0x08003c14   Section        0  port.o(i.prvTaskExitError)
    prvTaskExitError                         0x08003c15   Thumb Code    36  port.o(i.prvTaskExitError)
    i.pvPortMalloc                           0x08003c3c   Section        0  heap_4.o(i.pvPortMalloc)
    i.pxPortInitialiseStack                  0x08003d14   Section        0  port.o(i.pxPortInitialiseStack)
    i.send_data                              0x08003d38   Section        0  robomaster_vcan.o(i.send_data)
    i.set_motor_voltage                      0x08003d4c   Section        0  bsp_can.o(i.set_motor_voltage)
    i.shanwai_send_wave_form                 0x08003da8   Section        0  robomaster_vcan.o(i.shanwai_send_wave_form)
    i.uxListRemove                           0x08003dec   Section        0  list.o(i.uxListRemove)
    i.vListInitialise                        0x08003e10   Section        0  list.o(i.vListInitialise)
    i.vListInitialiseItem                    0x08003e26   Section        0  list.o(i.vListInitialiseItem)
    i.vListInsert                            0x08003e2c   Section        0  list.o(i.vListInsert)
    i.vListInsertEnd                         0x08003e5c   Section        0  list.o(i.vListInsertEnd)
    i.vPortEnterCritical                     0x08003e74   Section        0  port.o(i.vPortEnterCritical)
    i.vPortExitCritical                      0x08003eb4   Section        0  port.o(i.vPortExitCritical)
    i.vPortFree                              0x08003edc   Section        0  heap_4.o(i.vPortFree)
    i.vPortSetupTimerInterrupt               0x08003f38   Section        0  port.o(i.vPortSetupTimerInterrupt)
    i.vTaskDelay                             0x08003f58   Section        0  tasks.o(i.vTaskDelay)
    i.vTaskDelete                            0x08003fa4   Section        0  tasks.o(i.vTaskDelete)
    i.vTaskStartScheduler                    0x08004050   Section        0  tasks.o(i.vTaskStartScheduler)
    i.vTaskSuspend                           0x080040b8   Section        0  tasks.o(i.vTaskSuspend)
    i.vTaskSuspendAll                        0x08004168   Section        0  tasks.o(i.vTaskSuspendAll)
    i.vTaskSwitchContext                     0x08004178   Section        0  tasks.o(i.vTaskSwitchContext)
    i.xPortStartScheduler                    0x080041d4   Section        0  port.o(i.xPortStartScheduler)
    i.xPortSysTickHandler                    0x08004248   Section        0  port.o(i.xPortSysTickHandler)
    i.xTaskCreate                            0x08004274   Section        0  tasks.o(i.xTaskCreate)
    i.xTaskGetSchedulerState                 0x080042cc   Section        0  tasks.o(i.xTaskGetSchedulerState)
    i.xTaskIncrementTick                     0x080042e8   Section        0  tasks.o(i.xTaskIncrementTick)
    i.xTaskResumeAll                         0x080043b0   Section        0  tasks.o(i.xTaskResumeAll)
    .constdata                               0x08004474   Section       60  freertos.o(.constdata)
    .constdata                               0x080044b0   Section       16  system_stm32f1xx.o(.constdata)
    .constdata                               0x080044c0   Section        8  system_stm32f1xx.o(.constdata)
    .constdata                               0x080044c8   Section     2164  oled.o(.constdata)
    .conststring                             0x08004d3c   Section       43  freertos.o(.conststring)
    .data                                    0x20000000   Section       12  freertos.o(.data)
    .data                                    0x2000000c   Section       12  stm32f1xx_hal.o(.data)
    .data                                    0x20000018   Section        4  system_stm32f1xx.o(.data)
    .data                                    0x2000001c   Section       60  tasks.o(.data)
    uxDeletedTasksWaitingCleanUp             0x20000020   Data           4  tasks.o(.data)
    uxCurrentNumberOfTasks                   0x20000024   Data           4  tasks.o(.data)
    xTickCount                               0x20000028   Data           4  tasks.o(.data)
    uxTopReadyPriority                       0x2000002c   Data           4  tasks.o(.data)
    xSchedulerRunning                        0x20000030   Data           4  tasks.o(.data)
    uxPendedTicks                            0x20000034   Data           4  tasks.o(.data)
    xYieldPending                            0x20000038   Data           4  tasks.o(.data)
    xNumOfOverflows                          0x2000003c   Data           4  tasks.o(.data)
    uxTaskNumber                             0x20000040   Data           4  tasks.o(.data)
    xNextTaskUnblockTime                     0x20000044   Data           4  tasks.o(.data)
    xIdleTaskHandle                          0x20000048   Data           4  tasks.o(.data)
    uxSchedulerSuspended                     0x2000004c   Data           4  tasks.o(.data)
    pxDelayedTaskList                        0x20000050   Data           4  tasks.o(.data)
    pxOverflowDelayedTaskList                0x20000054   Data           4  tasks.o(.data)
    .data                                    0x20000058   Section       24  heap_4.o(.data)
    pxEnd                                    0x20000058   Data           4  heap_4.o(.data)
    xFreeBytesRemaining                      0x2000005c   Data           4  heap_4.o(.data)
    xMinimumEverFreeBytesRemaining           0x20000060   Data           4  heap_4.o(.data)
    xBlockAllocatedBit                       0x20000064   Data           4  heap_4.o(.data)
    xStart                                   0x20000068   Data           8  heap_4.o(.data)
    .data                                    0x20000070   Section       12  port.o(.data)
    ucMaxSysCallPriority                     0x20000070   Data           1  port.o(.data)
    uxCriticalNesting                        0x20000074   Data           4  port.o(.data)
    ulMaxPRIGROUPValue                       0x20000078   Data           4  port.o(.data)
    .data                                    0x2000007c   Section       12  dji_remote.o(.data)
    .data                                    0x20000088   Section      100  bsp_can.o(.data)
    .data                                    0x200000ec   Section        4  stdout.o(.data)
    .bss                                     0x200000f0   Section       40  can.o(.bss)
    .bss                                     0x20000118   Section       88  spi.o(.bss)
    .bss                                     0x20000170   Section      196  usart.o(.bss)
    .bss                                     0x20000234   Section      240  tasks.o(.bss)
    pxReadyTasksLists                        0x20000234   Data         140  tasks.o(.bss)
    xDelayedTaskList1                        0x200002c0   Data          20  tasks.o(.bss)
    xDelayedTaskList2                        0x200002d4   Data          20  tasks.o(.bss)
    xPendingReadyList                        0x200002e8   Data          20  tasks.o(.bss)
    xTasksWaitingTermination                 0x200002fc   Data          20  tasks.o(.bss)
    xSuspendedTaskList                       0x20000310   Data          20  tasks.o(.bss)
    .bss                                     0x20000324   Section     4096  heap_4.o(.bss)
    ucHeap                                   0x20000324   Data        4096  heap_4.o(.bss)
    .bss                                     0x20001324   Section       16  robomaster_vcan.o(.bss)
    .bss                                     0x20001334   Section      364  chassis_task.o(.bss)
    .bss                                     0x200014a0   Section     1024  oled.o(.bss)
    OLED_GRAM                                0x200014a0   Data        1024  oled.o(.bss)
    .bss                                     0x200018a0   Section      100  dji_remote.o(.bss)
    .bss                                     0x20001904   Section       20  dji_remote.o(.bss)
    STACK                                    0x20001918   Section     1024  startup_stm32f105xc.o(STACK)

    Global Symbols

    Symbol Name                              Value     Ov Type        Size  Object(Section)

    BuildAttributes$$THM_ISAv4$P$D$K$B$S$PE$A:L22UL41UL21$X:L11$S22US41US21$IEEE1$IW$USESV6$~STKCKD$USESV7$~SHL$OTIME$ROPI$EBA8$MICROLIB$REQ8$PRES8$EABIv2 0x00000000   Number         0  anon$$obj.o ABSOLUTE
    __ARM_use_no_argv                        0x00000000   Number         0  main.o ABSOLUTE
    _printf_a                                0x00000000   Number         0  stubs.o ABSOLUTE
    _printf_c                                0x00000000   Number         0  stubs.o ABSOLUTE
    _printf_charcount                        0x00000000   Number         0  stubs.o ABSOLUTE
    _printf_d                                0x00000000   Number         0  stubs.o ABSOLUTE
    _printf_e                                0x00000000   Number         0  stubs.o ABSOLUTE
    _printf_f                                0x00000000   Number         0  stubs.o ABSOLUTE
    _printf_flags                            0x00000000   Number         0  stubs.o ABSOLUTE
    _printf_fp_dec                           0x00000000   Number         0  stubs.o ABSOLUTE
    _printf_fp_hex                           0x00000000   Number         0  stubs.o ABSOLUTE
    _printf_g                                0x00000000   Number         0  stubs.o ABSOLUTE
    _printf_i                                0x00000000   Number         0  stubs.o ABSOLUTE
    _printf_int_dec                          0x00000000   Number         0  stubs.o ABSOLUTE
    _printf_l                                0x00000000   Number         0  stubs.o ABSOLUTE
    _printf_lc                               0x00000000   Number         0  stubs.o ABSOLUTE
    _printf_ll                               0x00000000   Number         0  stubs.o ABSOLUTE
    _printf_lld                              0x00000000   Number         0  stubs.o ABSOLUTE
    _printf_lli                              0x00000000   Number         0  stubs.o ABSOLUTE
    _printf_llo                              0x00000000   Number         0  stubs.o ABSOLUTE
    _printf_llu                              0x00000000   Number         0  stubs.o ABSOLUTE
    _printf_llx                              0x00000000   Number         0  stubs.o ABSOLUTE
    _printf_longlong_dec                     0x00000000   Number         0  stubs.o ABSOLUTE
    _printf_longlong_hex                     0x00000000   Number         0  stubs.o ABSOLUTE
    _printf_longlong_oct                     0x00000000   Number         0  stubs.o ABSOLUTE
    _printf_ls                               0x00000000   Number         0  stubs.o ABSOLUTE
    _printf_mbtowc                           0x00000000   Number         0  stubs.o ABSOLUTE
    _printf_n                                0x00000000   Number         0  stubs.o ABSOLUTE
    _printf_o                                0x00000000   Number         0  stubs.o ABSOLUTE
    _printf_p                                0x00000000   Number         0  stubs.o ABSOLUTE
    _printf_percent                          0x00000000   Number         0  stubs.o ABSOLUTE
    _printf_pre_padding                      0x00000000   Number         0  stubs.o ABSOLUTE
    _printf_return_value                     0x00000000   Number         0  stubs.o ABSOLUTE
    _printf_s                                0x00000000   Number         0  stubs.o ABSOLUTE
    _printf_sizespec                         0x00000000   Number         0  stubs.o ABSOLUTE
    _printf_str                              0x00000000   Number         0  stubs.o ABSOLUTE
    _printf_truncate_signed                  0x00000000   Number         0  stubs.o ABSOLUTE
    _printf_truncate_unsigned                0x00000000   Number         0  stubs.o ABSOLUTE
    _printf_u                                0x00000000   Number         0  stubs.o ABSOLUTE
    _printf_wc                               0x00000000   Number         0  stubs.o ABSOLUTE
    _printf_wctomb                           0x00000000   Number         0  stubs.o ABSOLUTE
    _printf_widthprec                        0x00000000   Number         0  stubs.o ABSOLUTE
    _printf_x                                0x00000000   Number         0  stubs.o ABSOLUTE
    __cpp_initialize__aeabi_                  - Undefined Weak Reference
    __cxa_finalize                            - Undefined Weak Reference
    __decompress                              - Undefined Weak Reference
    _clock_init                               - Undefined Weak Reference
    _microlib_exit                            - Undefined Weak Reference
    __Vectors_Size                           0x00000150   Number         0  startup_stm32f105xc.o ABSOLUTE
    __Vectors                                0x08000000   Data           4  startup_stm32f105xc.o(RESET)
    __Vectors_End                            0x08000150   Data           0  startup_stm32f105xc.o(RESET)
    __main                                   0x08000151   Thumb Code     0  entry.o(.ARM.Collect$$$$00000000)
    _main_stk                                0x08000151   Thumb Code     0  entry2.o(.ARM.Collect$$$$00000001)
    _main_scatterload                        0x08000155   Thumb Code     0  entry5.o(.ARM.Collect$$$$00000004)
    __main_after_scatterload                 0x08000159   Thumb Code     0  entry5.o(.ARM.Collect$$$$00000004)
    _main_clock                              0x08000159   Thumb Code     0  entry7b.o(.ARM.Collect$$$$00000008)
    _main_cpp_init                           0x08000159   Thumb Code     0  entry8b.o(.ARM.Collect$$$$0000000A)
    _main_init                               0x08000159   Thumb Code     0  entry9a.o(.ARM.Collect$$$$0000000B)
    __rt_final_cpp                           0x08000161   Thumb Code     0  entry10a.o(.ARM.Collect$$$$0000000D)
    __rt_final_exit                          0x08000161   Thumb Code     0  entry11a.o(.ARM.Collect$$$$0000000F)
    SVC_Handler                              0x08000165   Thumb Code    32  port.o(.emb_text)
    __asm___6_port_c_39a90d8d__prvStartFirstTask 0x08000189   Thumb Code    28  port.o(.emb_text)
    PendSV_Handler                           0x080001a9   Thumb Code    72  port.o(.emb_text)
    vPortGetIPSR                             0x080001f5   Thumb Code     6  port.o(.emb_text)
    Reset_Handler                            0x080001fd   Thumb Code     8  startup_stm32f105xc.o(.text)
    ADC1_2_IRQHandler                        0x08000217   Thumb Code     0  startup_stm32f105xc.o(.text)
    CAN1_RX1_IRQHandler                      0x08000217   Thumb Code     0  startup_stm32f105xc.o(.text)
    CAN1_SCE_IRQHandler                      0x08000217   Thumb Code     0  startup_stm32f105xc.o(.text)
    CAN2_RX0_IRQHandler                      0x08000217   Thumb Code     0  startup_stm32f105xc.o(.text)
    CAN2_RX1_IRQHandler                      0x08000217   Thumb Code     0  startup_stm32f105xc.o(.text)
    CAN2_SCE_IRQHandler                      0x08000217   Thumb Code     0  startup_stm32f105xc.o(.text)
    CAN2_TX_IRQHandler                       0x08000217   Thumb Code     0  startup_stm32f105xc.o(.text)
    DMA1_Channel1_IRQHandler                 0x08000217   Thumb Code     0  startup_stm32f105xc.o(.text)
    DMA1_Channel2_IRQHandler                 0x08000217   Thumb Code     0  startup_stm32f105xc.o(.text)
    DMA1_Channel4_IRQHandler                 0x08000217   Thumb Code     0  startup_stm32f105xc.o(.text)
    DMA1_Channel5_IRQHandler                 0x08000217   Thumb Code     0  startup_stm32f105xc.o(.text)
    DMA1_Channel6_IRQHandler                 0x08000217   Thumb Code     0  startup_stm32f105xc.o(.text)
    DMA1_Channel7_IRQHandler                 0x08000217   Thumb Code     0  startup_stm32f105xc.o(.text)
    DMA2_Channel1_IRQHandler                 0x08000217   Thumb Code     0  startup_stm32f105xc.o(.text)
    DMA2_Channel2_IRQHandler                 0x08000217   Thumb Code     0  startup_stm32f105xc.o(.text)
    DMA2_Channel3_IRQHandler                 0x08000217   Thumb Code     0  startup_stm32f105xc.o(.text)
    DMA2_Channel4_IRQHandler                 0x08000217   Thumb Code     0  startup_stm32f105xc.o(.text)
    DMA2_Channel5_IRQHandler                 0x08000217   Thumb Code     0  startup_stm32f105xc.o(.text)
    EXTI0_IRQHandler                         0x08000217   Thumb Code     0  startup_stm32f105xc.o(.text)
    EXTI15_10_IRQHandler                     0x08000217   Thumb Code     0  startup_stm32f105xc.o(.text)
    EXTI1_IRQHandler                         0x08000217   Thumb Code     0  startup_stm32f105xc.o(.text)
    EXTI2_IRQHandler                         0x08000217   Thumb Code     0  startup_stm32f105xc.o(.text)
    EXTI3_IRQHandler                         0x08000217   Thumb Code     0  startup_stm32f105xc.o(.text)
    EXTI4_IRQHandler                         0x08000217   Thumb Code     0  startup_stm32f105xc.o(.text)
    EXTI9_5_IRQHandler                       0x08000217   Thumb Code     0  startup_stm32f105xc.o(.text)
    FLASH_IRQHandler                         0x08000217   Thumb Code     0  startup_stm32f105xc.o(.text)
    I2C1_ER_IRQHandler                       0x08000217   Thumb Code     0  startup_stm32f105xc.o(.text)
    I2C1_EV_IRQHandler                       0x08000217   Thumb Code     0  startup_stm32f105xc.o(.text)
    I2C2_ER_IRQHandler                       0x08000217   Thumb Code     0  startup_stm32f105xc.o(.text)
    I2C2_EV_IRQHandler                       0x08000217   Thumb Code     0  startup_stm32f105xc.o(.text)
    OTG_FS_IRQHandler                        0x08000217   Thumb Code     0  startup_stm32f105xc.o(.text)
    OTG_FS_WKUP_IRQHandler                   0x08000217   Thumb Code     0  startup_stm32f105xc.o(.text)
    PVD_IRQHandler                           0x08000217   Thumb Code     0  startup_stm32f105xc.o(.text)
    RCC_IRQHandler                           0x08000217   Thumb Code     0  startup_stm32f105xc.o(.text)
    RTC_Alarm_IRQHandler                     0x08000217   Thumb Code     0  startup_stm32f105xc.o(.text)
    RTC_IRQHandler                           0x08000217   Thumb Code     0  startup_stm32f105xc.o(.text)
    SPI1_IRQHandler                          0x08000217   Thumb Code     0  startup_stm32f105xc.o(.text)
    SPI2_IRQHandler                          0x08000217   Thumb Code     0  startup_stm32f105xc.o(.text)
    SPI3_IRQHandler                          0x08000217   Thumb Code     0  startup_stm32f105xc.o(.text)
    TAMPER_IRQHandler                        0x08000217   Thumb Code     0  startup_stm32f105xc.o(.text)
    TIM1_BRK_IRQHandler                      0x08000217   Thumb Code     0  startup_stm32f105xc.o(.text)
    TIM1_CC_IRQHandler                       0x08000217   Thumb Code     0  startup_stm32f105xc.o(.text)
    TIM1_TRG_COM_IRQHandler                  0x08000217   Thumb Code     0  startup_stm32f105xc.o(.text)
    TIM1_UP_IRQHandler                       0x08000217   Thumb Code     0  startup_stm32f105xc.o(.text)
    TIM2_IRQHandler                          0x08000217   Thumb Code     0  startup_stm32f105xc.o(.text)
    TIM3_IRQHandler                          0x08000217   Thumb Code     0  startup_stm32f105xc.o(.text)
    TIM4_IRQHandler                          0x08000217   Thumb Code     0  startup_stm32f105xc.o(.text)
    TIM5_IRQHandler                          0x08000217   Thumb Code     0  startup_stm32f105xc.o(.text)
    TIM6_IRQHandler                          0x08000217   Thumb Code     0  startup_stm32f105xc.o(.text)
    TIM7_IRQHandler                          0x08000217   Thumb Code     0  startup_stm32f105xc.o(.text)
    UART4_IRQHandler                         0x08000217   Thumb Code     0  startup_stm32f105xc.o(.text)
    UART5_IRQHandler                         0x08000217   Thumb Code     0  startup_stm32f105xc.o(.text)
    USART1_IRQHandler                        0x08000217   Thumb Code     0  startup_stm32f105xc.o(.text)
    USART2_IRQHandler                        0x08000217   Thumb Code     0  startup_stm32f105xc.o(.text)
    WWDG_IRQHandler                          0x08000217   Thumb Code     0  startup_stm32f105xc.o(.text)
    __aeabi_uldivmod                         0x08000221   Thumb Code    98  uldiv.o(.text)
    __aeabi_llsr                             0x08000283   Thumb Code    32  llushr.o(.text)
    _ll_ushift_r                             0x08000283   Thumb Code     0  llushr.o(.text)
    __aeabi_memcpy                           0x080002a3   Thumb Code    36  memcpya.o(.text)
    __aeabi_memcpy4                          0x080002a3   Thumb Code     0  memcpya.o(.text)
    __aeabi_memcpy8                          0x080002a3   Thumb Code     0  memcpya.o(.text)
    __aeabi_memset                           0x080002c7   Thumb Code    14  memseta.o(.text)
    __aeabi_memset4                          0x080002c7   Thumb Code     0  memseta.o(.text)
    __aeabi_memset8                          0x080002c7   Thumb Code     0  memseta.o(.text)
    __aeabi_memclr                           0x080002d5   Thumb Code     4  memseta.o(.text)
    __aeabi_memclr4                          0x080002d5   Thumb Code     0  memseta.o(.text)
    __aeabi_memclr8                          0x080002d5   Thumb Code     0  memseta.o(.text)
    _memset$wrapper                          0x080002d9   Thumb Code    18  memseta.o(.text)
    __aeabi_fadd                             0x080002eb   Thumb Code   164  fadd.o(.text)
    __aeabi_fsub                             0x0800038f   Thumb Code     6  fadd.o(.text)
    __aeabi_frsub                            0x08000395   Thumb Code     6  fadd.o(.text)
    __aeabi_fmul                             0x0800039b   Thumb Code   100  fmul.o(.text)
    __aeabi_i2f                              0x080003ff   Thumb Code    18  fflti.o(.text)
    __aeabi_f2iz                             0x08000411   Thumb Code    50  ffixi.o(.text)
    __aeabi_cfrcmple                         0x08000445   Thumb Code    20  cfrcmple.o(.text)
    __aeabi_uidiv                            0x08000459   Thumb Code     0  uidiv.o(.text)
    __aeabi_uidivmod                         0x08000459   Thumb Code    44  uidiv.o(.text)
    __aeabi_llsl                             0x08000485   Thumb Code    30  llshl.o(.text)
    _ll_shift_l                              0x08000485   Thumb Code     0  llshl.o(.text)
    __I$use$fp                               0x080004a3   Thumb Code     0  iusefp.o(.text)
    _float_round                             0x080004a3   Thumb Code    18  fepilogue.o(.text)
    _float_epilogue                          0x080004b5   Thumb Code    92  fepilogue.o(.text)
    __aeabi_dadd                             0x08000511   Thumb Code   322  dadd.o(.text)
    __aeabi_dsub                             0x08000653   Thumb Code     6  dadd.o(.text)
    __aeabi_drsub                            0x08000659   Thumb Code     6  dadd.o(.text)
    __aeabi_dmul                             0x0800065f   Thumb Code   228  dmul.o(.text)
    __aeabi_ddiv                             0x08000743   Thumb Code   222  ddiv.o(.text)
    __aeabi_d2ulz                            0x08000821   Thumb Code    48  dfixul.o(.text)
    __aeabi_cdrcmple                         0x08000851   Thumb Code    48  cdrcmple.o(.text)
    __scatterload                            0x08000881   Thumb Code    28  init.o(.text)
    __scatterload_rt2                        0x08000881   Thumb Code     0  init.o(.text)
    __aeabi_lasr                             0x080008a5   Thumb Code    36  llsshr.o(.text)
    _ll_sshift_r                             0x080008a5   Thumb Code     0  llsshr.o(.text)
    _double_round                            0x080008c9   Thumb Code    30  depilogue.o(.text)
    _double_epilogue                         0x080008e7   Thumb Code   156  depilogue.o(.text)
    BusFault_Handler                         0x08000983   Thumb Code     2  stm32f1xx_it.o(i.BusFault_Handler)
    CAN1_RX0_IRQHandler                      0x08000985   Thumb Code     6  stm32f1xx_it.o(i.CAN1_RX0_IRQHandler)
    CAN1_TX_IRQHandler                       0x08000991   Thumb Code     6  stm32f1xx_it.o(i.CAN1_TX_IRQHandler)
    Callback_RC_Handle                       0x0800099d   Thumb Code   142  dji_remote.o(i.Callback_RC_Handle)
    Chassis_Task                             0x08000a31   Thumb Code   130  chassis_task.o(i.Chassis_Task)
    DMA1_Channel3_IRQHandler                 0x08000af5   Thumb Code     6  stm32f1xx_it.o(i.DMA1_Channel3_IRQHandler)
    DebugMon_Handler                         0x08000b2b   Thumb Code     2  stm32f1xx_it.o(i.DebugMon_Handler)
    Error_Handler                            0x08000b2d   Thumb Code     2  main.o(i.Error_Handler)
    HAL_CAN_ActivateNotification             0x08000b2f   Thumb Code    36  stm32f1xx_hal_can.o(i.HAL_CAN_ActivateNotification)
    HAL_CAN_AddTxMessage                     0x08000b53   Thumb Code   200  stm32f1xx_hal_can.o(i.HAL_CAN_AddTxMessage)
    HAL_CAN_ConfigFilter                     0x08000c1d   Thumb Code   262  stm32f1xx_hal_can.o(i.HAL_CAN_ConfigFilter)
    HAL_CAN_ErrorCallback                    0x08000d29   Thumb Code     2  stm32f1xx_hal_can.o(i.HAL_CAN_ErrorCallback)
    HAL_CAN_GetRxMessage                     0x08000d2b   Thumb Code   232  stm32f1xx_hal_can.o(i.HAL_CAN_GetRxMessage)
    HAL_CAN_IRQHandler                       0x08000e13   Thumb Code   508  stm32f1xx_hal_can.o(i.HAL_CAN_IRQHandler)
    HAL_CAN_Init                             0x0800100f   Thumb Code   282  stm32f1xx_hal_can.o(i.HAL_CAN_Init)
    HAL_CAN_MspInit                          0x08001129   Thumb Code   146  can.o(i.HAL_CAN_MspInit)
    HAL_CAN_RxFifo0FullCallback              0x080011cd   Thumb Code     2  stm32f1xx_hal_can.o(i.HAL_CAN_RxFifo0FullCallback)
    HAL_CAN_RxFifo0MsgPendingCallback        0x080011d1   Thumb Code    98  bsp_can.o(i.HAL_CAN_RxFifo0MsgPendingCallback)
    HAL_CAN_RxFifo1FullCallback              0x0800123d   Thumb Code     2  stm32f1xx_hal_can.o(i.HAL_CAN_RxFifo1FullCallback)
    HAL_CAN_RxFifo1MsgPendingCallback        0x0800123f   Thumb Code     2  stm32f1xx_hal_can.o(i.HAL_CAN_RxFifo1MsgPendingCallback)
    HAL_CAN_SleepCallback                    0x08001241   Thumb Code     2  stm32f1xx_hal_can.o(i.HAL_CAN_SleepCallback)
    HAL_CAN_Start                            0x08001245   Thumb Code    88  stm32f1xx_hal_can.o(i.HAL_CAN_Start)
    HAL_CAN_TxMailbox0AbortCallback          0x0800129d   Thumb Code     2  stm32f1xx_hal_can.o(i.HAL_CAN_TxMailbox0AbortCallback)
    HAL_CAN_TxMailbox0CompleteCallback       0x0800129f   Thumb Code     2  stm32f1xx_hal_can.o(i.HAL_CAN_TxMailbox0CompleteCallback)
    HAL_CAN_TxMailbox1AbortCallback          0x080012a1   Thumb Code     2  stm32f1xx_hal_can.o(i.HAL_CAN_TxMailbox1AbortCallback)
    HAL_CAN_TxMailbox1CompleteCallback       0x080012a3   Thumb Code     2  stm32f1xx_hal_can.o(i.HAL_CAN_TxMailbox1CompleteCallback)
    HAL_CAN_TxMailbox2AbortCallback          0x080012a5   Thumb Code     2  stm32f1xx_hal_can.o(i.HAL_CAN_TxMailbox2AbortCallback)
    HAL_CAN_TxMailbox2CompleteCallback       0x080012a7   Thumb Code     2  stm32f1xx_hal_can.o(i.HAL_CAN_TxMailbox2CompleteCallback)
    HAL_CAN_WakeUpFromRxMsgCallback          0x080012a9   Thumb Code     2  stm32f1xx_hal_can.o(i.HAL_CAN_WakeUpFromRxMsgCallback)
    HAL_DMA_IRQHandler                       0x080012ad   Thumb Code   552  stm32f1xx_hal_dma.o(i.HAL_DMA_IRQHandler)
    HAL_DMA_Init                             0x080014f5   Thumb Code   112  stm32f1xx_hal_dma.o(i.HAL_DMA_Init)
    HAL_DMA_Start                            0x08001571   Thumb Code    80  stm32f1xx_hal_dma.o(i.HAL_DMA_Start)
    HAL_Delay                                0x080015c1   Thumb Code    32  stm32f1xx_hal.o(i.HAL_Delay)
    HAL_GPIO_Init                            0x080015e5   Thumb Code   408  stm32f1xx_hal_gpio.o(i.HAL_GPIO_Init)
    HAL_GPIO_TogglePin                       0x080017a1   Thumb Code     8  stm32f1xx_hal_gpio.o(i.HAL_GPIO_TogglePin)
    HAL_GPIO_WritePin                        0x080017a9   Thumb Code    10  stm32f1xx_hal_gpio.o(i.HAL_GPIO_WritePin)
    HAL_GetTick                              0x080017b5   Thumb Code     6  stm32f1xx_hal.o(i.HAL_GetTick)
    HAL_IncTick                              0x080017c1   Thumb Code    12  stm32f1xx_hal.o(i.HAL_IncTick)
    HAL_Init                                 0x080017d1   Thumb Code    32  stm32f1xx_hal.o(i.HAL_Init)
    HAL_InitTick                             0x080017f5   Thumb Code    54  stm32f1xx_hal.o(i.HAL_InitTick)
    HAL_MspInit                              0x08001835   Thumb Code    62  stm32f1xx_hal_msp.o(i.HAL_MspInit)
    HAL_NVIC_EnableIRQ                       0x0800187d   Thumb Code    22  stm32f1xx_hal_cortex.o(i.HAL_NVIC_EnableIRQ)
    HAL_NVIC_SetPriority                     0x08001895   Thumb Code    60  stm32f1xx_hal_cortex.o(i.HAL_NVIC_SetPriority)
    HAL_NVIC_SetPriorityGrouping             0x080018d5   Thumb Code    26  stm32f1xx_hal_cortex.o(i.HAL_NVIC_SetPriorityGrouping)
    HAL_RCC_ClockConfig                      0x080018f9   Thumb Code   346  stm32f1xx_hal_rcc.o(i.HAL_RCC_ClockConfig)
    HAL_RCC_GetPCLK1Freq                     0x08001a65   Thumb Code    20  stm32f1xx_hal_rcc.o(i.HAL_RCC_GetPCLK1Freq)
    HAL_RCC_GetPCLK2Freq                     0x08001a85   Thumb Code    20  stm32f1xx_hal_rcc.o(i.HAL_RCC_GetPCLK2Freq)
    HAL_RCC_GetSysClockFreq                  0x08001aa5   Thumb Code   148  stm32f1xx_hal_rcc.o(i.HAL_RCC_GetSysClockFreq)
    HAL_RCC_OscConfig                        0x08001b69   Thumb Code   946  stm32f1xx_hal_rcc.o(i.HAL_RCC_OscConfig)
    HAL_SPI_Init                             0x08001f31   Thumb Code   130  stm32f1xx_hal_spi_ex.o(i.HAL_SPI_Init)
    HAL_SPI_MspInit                          0x08001fb5   Thumb Code    94  spi.o(i.HAL_SPI_MspInit)
    HAL_SPI_Transmit                         0x08002025   Thumb Code   360  stm32f1xx_hal_spi.o(i.HAL_SPI_Transmit)
    HAL_SYSTICK_Config                       0x0800218d   Thumb Code    40  stm32f1xx_hal_cortex.o(i.HAL_SYSTICK_Config)
    HAL_UART_IDLE_IRQHandler                 0x080021b5   Thumb Code   192  dji_remote.o(i.HAL_UART_IDLE_IRQHandler)
    HAL_UART_Init                            0x08002281   Thumb Code    98  stm32f1xx_hal_uart.o(i.HAL_UART_Init)
    HAL_UART_MspInit                         0x080022e5   Thumb Code   246  usart.o(i.HAL_UART_MspInit)
    HAL_UART_Receive_IT_IDLE                 0x080023fd   Thumb Code    18  dji_remote.o(i.HAL_UART_Receive_IT_IDLE)
    HAL_UART_Transmit                        0x0800240f   Thumb Code   186  stm32f1xx_hal_uart.o(i.HAL_UART_Transmit)
    HardFault_Handler                        0x080024c9   Thumb Code     2  stm32f1xx_it.o(i.HardFault_Handler)
    Initial_Task                             0x080024cd   Thumb Code   124  initial_task.o(i.Initial_Task)
    MX_CAN1_Init                             0x0800258d   Thumb Code    60  can.o(i.MX_CAN1_Init)
    MX_DMA_Init                              0x080025d1   Thumb Code    40  dma.o(i.MX_DMA_Init)
    MX_FREERTOS_Init                         0x080025fd   Thumb Code    36  freertos.o(i.MX_FREERTOS_Init)
    MX_GPIO_Init                             0x08002641   Thumb Code   118  gpio.o(i.MX_GPIO_Init)
    MX_SPI1_Init                             0x080026c1   Thumb Code    66  spi.o(i.MX_SPI1_Init)
    MX_USART2_UART_Init                      0x0800270d   Thumb Code    48  usart.o(i.MX_USART2_UART_Init)
    MX_USART3_UART_Init                      0x08002745   Thumb Code    46  usart.o(i.MX_USART3_UART_Init)
    MemManage_Handler                        0x08002781   Thumb Code     2  stm32f1xx_it.o(i.MemManage_Handler)
    NMI_Handler                              0x08002783   Thumb Code     2  stm32f1xx_it.o(i.NMI_Handler)
    StartTask                                0x0800285d   Thumb Code    68  freertos.o(i.StartTask)
    SysTick_Handler                          0x080028a9   Thumb Code    14  stm32f1xx_it.o(i.SysTick_Handler)
    SystemClock_Config                       0x080028b9   Thumb Code    84  main.o(i.SystemClock_Config)
    SystemInit                               0x08002911   Thumb Code    68  system_stm32f1xx.o(i.SystemInit)
    UART_Receive_DMA_NoIT                    0x08002965   Thumb Code   120  dji_remote.o(i.UART_Receive_DMA_NoIT)
    USART3_IRQHandler                        0x08002bb1   Thumb Code     6  stm32f1xx_it.o(i.USART3_IRQHandler)
    UsageFault_Handler                       0x08002bbd   Thumb Code     2  stm32f1xx_it.o(i.UsageFault_Handler)
    __0printf                                0x08002bc1   Thumb Code    22  printfa.o(i.__0printf)
    __1printf                                0x08002bc1   Thumb Code     0  printfa.o(i.__0printf)
    __2printf                                0x08002bc1   Thumb Code     0  printfa.o(i.__0printf)
    __c89printf                              0x08002bc1   Thumb Code     0  printfa.o(i.__0printf)
    printf                                   0x08002bc1   Thumb Code     0  printfa.o(i.__0printf)
    __scatterload_copy                       0x08002be1   Thumb Code    14  handlers.o(i.__scatterload_copy)
    __scatterload_null                       0x08002bef   Thumb Code     2  handlers.o(i.__scatterload_null)
    __scatterload_zeroinit                   0x08002bf1   Thumb Code    14  handlers.o(i.__scatterload_zeroinit)
    can_user_init                            0x080034b5   Thumb Code    54  bsp_can.o(i.can_user_init)
    fputc                                    0x080034f1   Thumb Code    20  usart.o(i.fputc)
    main                                     0x08003509   Thumb Code    58  main.o(i.main)
    oled_LOGO                                0x0800355d   Thumb Code    94  oled.o(i.oled_LOGO)
    oled_clear                               0x080035c1   Thumb Code    60  oled.o(i.oled_clear)
    oled_drawpoint                           0x08003601   Thumb Code    66  oled.o(i.oled_drawpoint)
    oled_init                                0x08003649   Thumb Code   282  oled.o(i.oled_init)
    oled_refresh_gram                        0x08003769   Thumb Code    46  oled.o(i.oled_refresh_gram)
    oled_write_byte                          0x080037c9   Thumb Code    32  oled.o(i.oled_write_byte)
    osDelay                                  0x080037f1   Thumb Code    14  cmsis_os.o(i.osDelay)
    osKernelStart                            0x080037ff   Thumb Code    10  cmsis_os.o(i.osKernelStart)
    osSystickHandler                         0x08003809   Thumb Code    20  cmsis_os.o(i.osSystickHandler)
    osThreadCreate                           0x0800381d   Thumb Code    46  cmsis_os.o(i.osThreadCreate)
    pid_calc                                 0x0800384b   Thumb Code   168  pid.o(i.pid_calc)
    pid_init                                 0x080038f3   Thumb Code    12  pid.o(i.pid_init)
    pvPortMalloc                             0x08003c3d   Thumb Code   210  heap_4.o(i.pvPortMalloc)
    pxPortInitialiseStack                    0x08003d15   Thumb Code    32  port.o(i.pxPortInitialiseStack)
    send_data                                0x08003d39   Thumb Code    16  robomaster_vcan.o(i.send_data)
    set_motor_voltage                        0x08003d4d   Thumb Code    86  bsp_can.o(i.set_motor_voltage)
    shanwai_send_wave_form                   0x08003da9   Thumb Code    64  robomaster_vcan.o(i.shanwai_send_wave_form)
    uxListRemove                             0x08003ded   Thumb Code    36  list.o(i.uxListRemove)
    vListInitialise                          0x08003e11   Thumb Code    22  list.o(i.vListInitialise)
    vListInitialiseItem                      0x08003e27   Thumb Code     6  list.o(i.vListInitialiseItem)
    vListInsert                              0x08003e2d   Thumb Code    48  list.o(i.vListInsert)
    vListInsertEnd                           0x08003e5d   Thumb Code    24  list.o(i.vListInsertEnd)
    vPortEnterCritical                       0x08003e75   Thumb Code    54  port.o(i.vPortEnterCritical)
    vPortExitCritical                        0x08003eb5   Thumb Code    34  port.o(i.vPortExitCritical)
    vPortFree                                0x08003edd   Thumb Code    88  heap_4.o(i.vPortFree)
    vPortSetupTimerInterrupt                 0x08003f39   Thumb Code    26  port.o(i.vPortSetupTimerInterrupt)
    vTaskDelay                               0x08003f59   Thumb Code    66  tasks.o(i.vTaskDelay)
    vTaskDelete                              0x08003fa5   Thumb Code   158  tasks.o(i.vTaskDelete)
    vTaskStartScheduler                      0x08004051   Thumb Code    86  tasks.o(i.vTaskStartScheduler)
    vTaskSuspend                             0x080040b9   Thumb Code   162  tasks.o(i.vTaskSuspend)
    vTaskSuspendAll                          0x08004169   Thumb Code    10  tasks.o(i.vTaskSuspendAll)
    vTaskSwitchContext                       0x08004179   Thumb Code    82  tasks.o(i.vTaskSwitchContext)
    xPortStartScheduler                      0x080041d5   Thumb Code   102  port.o(i.xPortStartScheduler)
    xPortSysTickHandler                      0x08004249   Thumb Code    38  port.o(i.xPortSysTickHandler)
    xTaskCreate                              0x08004275   Thumb Code    86  tasks.o(i.xTaskCreate)
    xTaskGetSchedulerState                   0x080042cd   Thumb Code    22  tasks.o(i.xTaskGetSchedulerState)
    xTaskIncrementTick                       0x080042e9   Thumb Code   192  tasks.o(i.xTaskIncrementTick)
    xTaskResumeAll                           0x080043b1   Thumb Code   182  tasks.o(i.xTaskResumeAll)
    AHBPrescTable                            0x080044b0   Data          16  system_stm32f1xx.o(.constdata)
    APBPrescTable                            0x080044c0   Data           8  system_stm32f1xx.o(.constdata)
    asc2_1206                                0x080044c8   Data        1140  oled.o(.constdata)
    LOGO_BMP                                 0x0800493c   Data        1024  oled.o(.constdata)
    Region$$Table$$Base                      0x08004d68   Number         0  anon$$obj.o(Region$$Table)
    Region$$Table$$Limit                     0x08004d88   Number         0  anon$$obj.o(Region$$Table)
    vInitial_TaskHandle                      0x20000000   Data           4  freertos.o(.data)
    vStartTaskHandle                         0x20000004   Data           4  freertos.o(.data)
    vChassis_TaskHandle                      0x20000008   Data           4  freertos.o(.data)
    uwTickFreq                               0x2000000c   Data           1  stm32f1xx_hal.o(.data)
    uwTickPrio                               0x20000010   Data           4  stm32f1xx_hal.o(.data)
    uwTick                                   0x20000014   Data           4  stm32f1xx_hal.o(.data)
    SystemCoreClock                          0x20000018   Data           4  system_stm32f1xx.o(.data)
    pxCurrentTCB                             0x2000001c   Data           4  tasks.o(.data)
    Latest_Remote_Control_Pack_Time          0x2000007c   Data           4  dji_remote.o(.data)
    LED_Flash_Timer_remote_control           0x20000080   Data           4  dji_remote.o(.data)
    dbus_time                                0x20000084   Data           4  dji_remote.o(.data)
    can_cnt                                  0x20000088   Data           2  bsp_can.o(.data)
    motor_info                               0x2000008a   Data          98  bsp_can.o(.data)
    __stdout                                 0x200000ec   Data           4  stdout.o(.data)
    hcan1                                    0x200000f0   Data          40  can.o(.bss)
    hspi1                                    0x20000118   Data          88  spi.o(.bss)
    huart2                                   0x20000170   Data          64  usart.o(.bss)
    huart3                                   0x200001b0   Data          64  usart.o(.bss)
    hdma_usart3_rx                           0x200001f0   Data          68  usart.o(.bss)
    wave_form_data                           0x20001324   Data          16  robomaster_vcan.o(.bss)
    motor_pid                                0x20001334   Data         364  chassis_task.o(.bss)
    UART_Buffer                              0x200018a0   Data         100  dji_remote.o(.bss)
    remote_control                           0x20001904   Data          20  dji_remote.o(.bss)
    __initial_sp                             0x20001d18   Data           0  startup_stm32f105xc.o(STACK)



==============================================================================

Memory Map of the image

  Image Entry point : 0x08000151

  Load Region LR_IROM1 (Base: 0x08000000, Size: 0x00004e78, Max: 0x00010000, ABSOLUTE)

    Execution Region ER_IROM1 (Exec base: 0x08000000, Load base: 0x08000000, Size: 0x00004d88, Max: 0x00010000, ABSOLUTE)

    Exec Addr    Load Addr    Size         Type   Attr      Idx    E Section Name        Object

    0x08000000   0x08000000   0x00000150   Data   RO            3    RESET               startup_stm32f105xc.o
    0x08000150   0x08000150   0x00000000   Code   RO         4063  * .ARM.Collect$$$$00000000  mc_w.l(entry.o)
    0x08000150   0x08000150   0x00000004   Code   RO         4357    .ARM.Collect$$$$00000001  mc_w.l(entry2.o)
    0x08000154   0x08000154   0x00000004   Code   RO         4360    .ARM.Collect$$$$00000004  mc_w.l(entry5.o)
    0x08000158   0x08000158   0x00000000   Code   RO         4362    .ARM.Collect$$$$00000008  mc_w.l(entry7b.o)
    0x08000158   0x08000158   0x00000000   Code   RO         4364    .ARM.Collect$$$$0000000A  mc_w.l(entry8b.o)
    0x08000158   0x08000158   0x00000008   Code   RO         4365    .ARM.Collect$$$$0000000B  mc_w.l(entry9a.o)
    0x08000160   0x08000160   0x00000000   Code   RO         4367    .ARM.Collect$$$$0000000D  mc_w.l(entry10a.o)
    0x08000160   0x08000160   0x00000000   Code   RO         4369    .ARM.Collect$$$$0000000F  mc_w.l(entry11a.o)
    0x08000160   0x08000160   0x00000004   Code   RO         4358    .ARM.Collect$$$$00002712  mc_w.l(entry2.o)
    0x08000164   0x08000164   0x00000096   Code   RO         3513    .emb_text           port.o
    0x080001fa   0x080001fa   0x00000002   PAD
    0x080001fc   0x080001fc   0x00000024   Code   RO            4    .text               startup_stm32f105xc.o
    0x08000220   0x08000220   0x00000062   Code   RO         4066    .text               mc_w.l(uldiv.o)
    0x08000282   0x08000282   0x00000020   Code   RO         4068    .text               mc_w.l(llushr.o)
    0x080002a2   0x080002a2   0x00000024   Code   RO         4070    .text               mc_w.l(memcpya.o)
    0x080002c6   0x080002c6   0x00000024   Code   RO         4072    .text               mc_w.l(memseta.o)
    0x080002ea   0x080002ea   0x000000b0   Code   RO         4337    .text               mf_w.l(fadd.o)
    0x0800039a   0x0800039a   0x00000064   Code   RO         4339    .text               mf_w.l(fmul.o)
    0x080003fe   0x080003fe   0x00000012   Code   RO         4345    .text               mf_w.l(fflti.o)
    0x08000410   0x08000410   0x00000032   Code   RO         4349    .text               mf_w.l(ffixi.o)
    0x08000442   0x08000442   0x00000002   PAD
    0x08000444   0x08000444   0x00000014   Code   RO         4355    .text               mf_w.l(cfrcmple.o)
    0x08000458   0x08000458   0x0000002c   Code   RO         4372    .text               mc_w.l(uidiv.o)
    0x08000484   0x08000484   0x0000001e   Code   RO         4374    .text               mc_w.l(llshl.o)
    0x080004a2   0x080004a2   0x00000000   Code   RO         4376    .text               mc_w.l(iusefp.o)
    0x080004a2   0x080004a2   0x0000006e   Code   RO         4377    .text               mf_w.l(fepilogue.o)
    0x08000510   0x08000510   0x0000014e   Code   RO         4379    .text               mf_w.l(dadd.o)
    0x0800065e   0x0800065e   0x000000e4   Code   RO         4381    .text               mf_w.l(dmul.o)
    0x08000742   0x08000742   0x000000de   Code   RO         4383    .text               mf_w.l(ddiv.o)
    0x08000820   0x08000820   0x00000030   Code   RO         4385    .text               mf_w.l(dfixul.o)
    0x08000850   0x08000850   0x00000030   Code   RO         4387    .text               mf_w.l(cdrcmple.o)
    0x08000880   0x08000880   0x00000024   Code   RO         4389    .text               mc_w.l(init.o)
    0x080008a4   0x080008a4   0x00000024   Code   RO         4391    .text               mc_w.l(llsshr.o)
    0x080008c8   0x080008c8   0x000000ba   Code   RO         4393    .text               mf_w.l(depilogue.o)
    0x08000982   0x08000982   0x00000002   Code   RO          471    i.BusFault_Handler  stm32f1xx_it.o
    0x08000984   0x08000984   0x0000000c   Code   RO          472    i.CAN1_RX0_IRQHandler  stm32f1xx_it.o
    0x08000990   0x08000990   0x0000000c   Code   RO          473    i.CAN1_TX_IRQHandler  stm32f1xx_it.o
    0x0800099c   0x0800099c   0x00000094   Code   RO         3944    i.Callback_RC_Handle  dji_remote.o
    0x08000a30   0x08000a30   0x000000c4   Code   RO         3790    i.Chassis_Task      chassis_task.o
    0x08000af4   0x08000af4   0x0000000c   Code   RO          474    i.DMA1_Channel3_IRQHandler  stm32f1xx_it.o
    0x08000b00   0x08000b00   0x0000002a   Code   RO         1955    i.DMA_SetConfig     stm32f1xx_hal_dma.o
    0x08000b2a   0x08000b2a   0x00000002   Code   RO          475    i.DebugMon_Handler  stm32f1xx_it.o
    0x08000b2c   0x08000b2c   0x00000002   Code   RO           13    i.Error_Handler     main.o
    0x08000b2e   0x08000b2e   0x00000024   Code   RO          623    i.HAL_CAN_ActivateNotification  stm32f1xx_hal_can.o
    0x08000b52   0x08000b52   0x000000c8   Code   RO          624    i.HAL_CAN_AddTxMessage  stm32f1xx_hal_can.o
    0x08000c1a   0x08000c1a   0x00000002   PAD
    0x08000c1c   0x08000c1c   0x0000010c   Code   RO          625    i.HAL_CAN_ConfigFilter  stm32f1xx_hal_can.o
    0x08000d28   0x08000d28   0x00000002   Code   RO          628    i.HAL_CAN_ErrorCallback  stm32f1xx_hal_can.o
    0x08000d2a   0x08000d2a   0x000000e8   Code   RO          631    i.HAL_CAN_GetRxMessage  stm32f1xx_hal_can.o
    0x08000e12   0x08000e12   0x000001fc   Code   RO          635    i.HAL_CAN_IRQHandler  stm32f1xx_hal_can.o
    0x0800100e   0x0800100e   0x0000011a   Code   RO          636    i.HAL_CAN_Init      stm32f1xx_hal_can.o
    0x08001128   0x08001128   0x000000a4   Code   RO          247    i.HAL_CAN_MspInit   can.o
    0x080011cc   0x080011cc   0x00000002   Code   RO          643    i.HAL_CAN_RxFifo0FullCallback  stm32f1xx_hal_can.o
    0x080011ce   0x080011ce   0x00000002   PAD
    0x080011d0   0x080011d0   0x0000006c   Code   RO         3994    i.HAL_CAN_RxFifo0MsgPendingCallback  bsp_can.o
    0x0800123c   0x0800123c   0x00000002   Code   RO          645    i.HAL_CAN_RxFifo1FullCallback  stm32f1xx_hal_can.o
    0x0800123e   0x0800123e   0x00000002   Code   RO          646    i.HAL_CAN_RxFifo1MsgPendingCallback  stm32f1xx_hal_can.o
    0x08001240   0x08001240   0x00000002   Code   RO          647    i.HAL_CAN_SleepCallback  stm32f1xx_hal_can.o
    0x08001242   0x08001242   0x00000002   PAD
    0x08001244   0x08001244   0x00000058   Code   RO          648    i.HAL_CAN_Start     stm32f1xx_hal_can.o
    0x0800129c   0x0800129c   0x00000002   Code   RO          650    i.HAL_CAN_TxMailbox0AbortCallback  stm32f1xx_hal_can.o
    0x0800129e   0x0800129e   0x00000002   Code   RO          651    i.HAL_CAN_TxMailbox0CompleteCallback  stm32f1xx_hal_can.o
    0x080012a0   0x080012a0   0x00000002   Code   RO          652    i.HAL_CAN_TxMailbox1AbortCallback  stm32f1xx_hal_can.o
    0x080012a2   0x080012a2   0x00000002   Code   RO          653    i.HAL_CAN_TxMailbox1CompleteCallback  stm32f1xx_hal_can.o
    0x080012a4   0x080012a4   0x00000002   Code   RO          654    i.HAL_CAN_TxMailbox2AbortCallback  stm32f1xx_hal_can.o
    0x080012a6   0x080012a6   0x00000002   Code   RO          655    i.HAL_CAN_TxMailbox2CompleteCallback  stm32f1xx_hal_can.o
    0x080012a8   0x080012a8   0x00000002   Code   RO          657    i.HAL_CAN_WakeUpFromRxMsgCallback  stm32f1xx_hal_can.o
    0x080012aa   0x080012aa   0x00000002   PAD
    0x080012ac   0x080012ac   0x00000248   Code   RO         1961    i.HAL_DMA_IRQHandler  stm32f1xx_hal_dma.o
    0x080014f4   0x080014f4   0x0000007c   Code   RO         1962    i.HAL_DMA_Init      stm32f1xx_hal_dma.o
    0x08001570   0x08001570   0x00000050   Code   RO         1965    i.HAL_DMA_Start     stm32f1xx_hal_dma.o
    0x080015c0   0x080015c0   0x00000024   Code   RO         1572    i.HAL_Delay         stm32f1xx_hal.o
    0x080015e4   0x080015e4   0x000001bc   Code   RO         1892    i.HAL_GPIO_Init     stm32f1xx_hal_gpio.o
    0x080017a0   0x080017a0   0x00000008   Code   RO         1895    i.HAL_GPIO_TogglePin  stm32f1xx_hal_gpio.o
    0x080017a8   0x080017a8   0x0000000a   Code   RO         1896    i.HAL_GPIO_WritePin  stm32f1xx_hal_gpio.o
    0x080017b2   0x080017b2   0x00000002   PAD
    0x080017b4   0x080017b4   0x0000000c   Code   RO         1576    i.HAL_GetTick       stm32f1xx_hal.o
    0x080017c0   0x080017c0   0x00000010   Code   RO         1580    i.HAL_IncTick       stm32f1xx_hal.o
    0x080017d0   0x080017d0   0x00000024   Code   RO         1581    i.HAL_Init          stm32f1xx_hal.o
    0x080017f4   0x080017f4   0x00000040   Code   RO         1582    i.HAL_InitTick      stm32f1xx_hal.o
    0x08001834   0x08001834   0x00000048   Code   RO          562    i.HAL_MspInit       stm32f1xx_hal_msp.o
    0x0800187c   0x0800187c   0x00000016   Code   RO         2052    i.HAL_NVIC_EnableIRQ  stm32f1xx_hal_cortex.o
    0x08001892   0x08001892   0x00000002   PAD
    0x08001894   0x08001894   0x00000040   Code   RO         2058    i.HAL_NVIC_SetPriority  stm32f1xx_hal_cortex.o
    0x080018d4   0x080018d4   0x00000024   Code   RO         2059    i.HAL_NVIC_SetPriorityGrouping  stm32f1xx_hal_cortex.o
    0x080018f8   0x080018f8   0x0000016c   Code   RO         1728    i.HAL_RCC_ClockConfig  stm32f1xx_hal_rcc.o
    0x08001a64   0x08001a64   0x00000020   Code   RO         1735    i.HAL_RCC_GetPCLK1Freq  stm32f1xx_hal_rcc.o
    0x08001a84   0x08001a84   0x00000020   Code   RO         1736    i.HAL_RCC_GetPCLK2Freq  stm32f1xx_hal_rcc.o
    0x08001aa4   0x08001aa4   0x000000c4   Code   RO         1737    i.HAL_RCC_GetSysClockFreq  stm32f1xx_hal_rcc.o
    0x08001b68   0x08001b68   0x000003c8   Code   RO         1740    i.HAL_RCC_OscConfig  stm32f1xx_hal_rcc.o
    0x08001f30   0x08001f30   0x00000082   Code   RO         1179    i.HAL_SPI_Init      stm32f1xx_hal_spi_ex.o
    0x08001fb2   0x08001fb2   0x00000002   PAD
    0x08001fb4   0x08001fb4   0x00000070   Code   RO          376    i.HAL_SPI_MspInit   spi.o
    0x08002024   0x08002024   0x00000168   Code   RO          875    i.HAL_SPI_Transmit  stm32f1xx_hal_spi.o
    0x0800218c   0x0800218c   0x00000028   Code   RO         2063    i.HAL_SYSTICK_Config  stm32f1xx_hal_cortex.o
    0x080021b4   0x080021b4   0x000000cc   Code   RO         3945    i.HAL_UART_IDLE_IRQHandler  dji_remote.o
    0x08002280   0x08002280   0x00000062   Code   RO         1264    i.HAL_UART_Init     stm32f1xx_hal_uart.o
    0x080022e2   0x080022e2   0x00000002   PAD
    0x080022e4   0x080022e4   0x00000118   Code   RO          418    i.HAL_UART_MspInit  usart.o
    0x080023fc   0x080023fc   0x00000012   Code   RO         3946    i.HAL_UART_Receive_IT_IDLE  dji_remote.o
    0x0800240e   0x0800240e   0x000000ba   Code   RO         1272    i.HAL_UART_Transmit  stm32f1xx_hal_uart.o
    0x080024c8   0x080024c8   0x00000002   Code   RO          476    i.HardFault_Handler  stm32f1xx_it.o
    0x080024ca   0x080024ca   0x00000002   PAD
    0x080024cc   0x080024cc   0x000000c0   Code   RO         3699    i.Initial_Task      initial_task.o
    0x0800258c   0x0800258c   0x00000044   Code   RO          248    i.MX_CAN1_Init      can.o
    0x080025d0   0x080025d0   0x0000002c   Code   RO          288    i.MX_DMA_Init       dma.o
    0x080025fc   0x080025fc   0x00000044   Code   RO          312    i.MX_FREERTOS_Init  freertos.o
    0x08002640   0x08002640   0x00000080   Code   RO          217    i.MX_GPIO_Init      gpio.o
    0x080026c0   0x080026c0   0x0000004c   Code   RO          377    i.MX_SPI1_Init      spi.o
    0x0800270c   0x0800270c   0x00000038   Code   RO          419    i.MX_USART2_UART_Init  usart.o
    0x08002744   0x08002744   0x0000003c   Code   RO          420    i.MX_USART3_UART_Init  usart.o
    0x08002780   0x08002780   0x00000002   Code   RO          477    i.MemManage_Handler  stm32f1xx_it.o
    0x08002782   0x08002782   0x00000002   Code   RO          478    i.NMI_Handler       stm32f1xx_it.o
    0x08002784   0x08002784   0x00000020   Code   RO         2065    i.NVIC_SetPriority  stm32f1xx_hal_cortex.o
    0x080027a4   0x080027a4   0x00000020   Code   RO          891    i.SPI_CheckFlag_BSY  stm32f1xx_hal_spi.o
    0x080027c4   0x080027c4   0x00000096   Code   RO          910    i.SPI_WaitFlagStateUntilTimeout  stm32f1xx_hal_spi.o
    0x0800285a   0x0800285a   0x00000002   PAD
    0x0800285c   0x0800285c   0x0000004c   Code   RO          313    i.StartTask         freertos.o
    0x080028a8   0x080028a8   0x0000000e   Code   RO          479    i.SysTick_Handler   stm32f1xx_it.o
    0x080028b6   0x080028b6   0x00000002   PAD
    0x080028b8   0x080028b8   0x00000058   Code   RO           14    i.SystemClock_Config  main.o
    0x08002910   0x08002910   0x00000054   Code   RO         2481    i.SystemInit        system_stm32f1xx.o
    0x08002964   0x08002964   0x00000078   Code   RO         3947    i.UART_Receive_DMA_NoIT  dji_remote.o
    0x080029dc   0x080029dc   0x00000170   Code   RO         1290    i.UART_SetConfig    stm32f1xx_hal_uart.o
    0x08002b4c   0x08002b4c   0x00000064   Code   RO         1292    i.UART_WaitOnFlagUntilTimeout  stm32f1xx_hal_uart.o
    0x08002bb0   0x08002bb0   0x0000000c   Code   RO          480    i.USART3_IRQHandler  stm32f1xx_it.o
    0x08002bbc   0x08002bbc   0x00000002   Code   RO          481    i.UsageFault_Handler  stm32f1xx_it.o
    0x08002bbe   0x08002bbe   0x00000002   PAD
    0x08002bc0   0x08002bc0   0x00000020   Code   RO         4309    i.__0printf         mc_w.l(printfa.o)
    0x08002be0   0x08002be0   0x0000000e   Code   RO         4397    i.__scatterload_copy  mc_w.l(handlers.o)
    0x08002bee   0x08002bee   0x00000002   Code   RO         4398    i.__scatterload_null  mc_w.l(handlers.o)
    0x08002bf0   0x08002bf0   0x0000000e   Code   RO         4399    i.__scatterload_zeroinit  mc_w.l(handlers.o)
    0x08002bfe   0x08002bfe   0x00000002   PAD
    0x08002c00   0x08002c00   0x00000184   Code   RO         4316    i._fp_digits        mc_w.l(printfa.o)
    0x08002d84   0x08002d84   0x000006dc   Code   RO         4317    i._printf_core      mc_w.l(printfa.o)
    0x08003460   0x08003460   0x00000024   Code   RO         4318    i._printf_post_padding  mc_w.l(printfa.o)
    0x08003484   0x08003484   0x0000002e   Code   RO         4319    i._printf_pre_padding  mc_w.l(printfa.o)
    0x080034b2   0x080034b2   0x00000002   PAD
    0x080034b4   0x080034b4   0x0000003c   Code   RO         3995    i.can_user_init     bsp_can.o
    0x080034f0   0x080034f0   0x00000018   Code   RO          421    i.fputc             usart.o
    0x08003508   0x08003508   0x00000048   Code   RO           15    i.main              main.o
    0x08003550   0x08003550   0x0000000c   Code   RO         3079    i.makeFreeRtosPriority  cmsis_os.o
    0x0800355c   0x0800355c   0x00000064   Code   RO         3823    i.oled_LOGO         oled.o
    0x080035c0   0x080035c0   0x00000040   Code   RO         3824    i.oled_clear        oled.o
    0x08003600   0x08003600   0x00000048   Code   RO         3828    i.oled_drawpoint    oled.o
    0x08003648   0x08003648   0x00000120   Code   RO         3829    i.oled_init         oled.o
    0x08003768   0x08003768   0x00000034   Code   RO         3831    i.oled_refresh_gram  oled.o
    0x0800379c   0x0800379c   0x0000002a   Code   RO         3832    i.oled_set_pos      oled.o
    0x080037c6   0x080037c6   0x00000002   PAD
    0x080037c8   0x080037c8   0x00000028   Code   RO         3836    i.oled_write_byte   oled.o
    0x080037f0   0x080037f0   0x0000000e   Code   RO         3081    i.osDelay           cmsis_os.o
    0x080037fe   0x080037fe   0x0000000a   Code   RO         3084    i.osKernelStart     cmsis_os.o
    0x08003808   0x08003808   0x00000014   Code   RO         3117    i.osSystickHandler  cmsis_os.o
    0x0800381c   0x0800381c   0x0000002e   Code   RO         3118    i.osThreadCreate    cmsis_os.o
    0x0800384a   0x0800384a   0x000000a8   Code   RO         4036    i.pid_calc          pid.o
    0x080038f2   0x080038f2   0x0000000c   Code   RO         4037    i.pid_init          pid.o
    0x080038fe   0x080038fe   0x00000002   PAD
    0x08003900   0x08003900   0x00000070   Code   RO         2790    i.prvAddCurrentTaskToDelayedList  tasks.o
    0x08003970   0x08003970   0x000000d0   Code   RO         2791    i.prvAddNewTaskToReadyList  tasks.o
    0x08003a40   0x08003a40   0x00000050   Code   RO         2792    i.prvCheckTasksWaitingTermination  tasks.o
    0x08003a90   0x08003a90   0x00000014   Code   RO         2793    i.prvDeleteTCB      tasks.o
    0x08003aa4   0x08003aa4   0x0000004c   Code   RO         3452    i.prvHeapInit       heap_4.o
    0x08003af0   0x08003af0   0x00000028   Code   RO         2794    i.prvIdleTask       tasks.o
    0x08003b18   0x08003b18   0x0000008e   Code   RO         2795    i.prvInitialiseNewTask  tasks.o
    0x08003ba6   0x08003ba6   0x00000002   PAD
    0x08003ba8   0x08003ba8   0x0000004c   Code   RO         3453    i.prvInsertBlockIntoFreeList  heap_4.o
    0x08003bf4   0x08003bf4   0x00000020   Code   RO         2796    i.prvResetNextTaskUnblockTime  tasks.o
    0x08003c14   0x08003c14   0x00000028   Code   RO         3514    i.prvTaskExitError  port.o
    0x08003c3c   0x08003c3c   0x000000d8   Code   RO         3454    i.pvPortMalloc      heap_4.o
    0x08003d14   0x08003d14   0x00000024   Code   RO         3515    i.pxPortInitialiseStack  port.o
    0x08003d38   0x08003d38   0x00000014   Code   RO         3754    i.send_data         robomaster_vcan.o
    0x08003d4c   0x08003d4c   0x0000005c   Code   RO         3996    i.set_motor_voltage  bsp_can.o
    0x08003da8   0x08003da8   0x00000044   Code   RO         3755    i.shanwai_send_wave_form  robomaster_vcan.o
    0x08003dec   0x08003dec   0x00000024   Code   RO         2613    i.uxListRemove      list.o
    0x08003e10   0x08003e10   0x00000016   Code   RO         2614    i.vListInitialise   list.o
    0x08003e26   0x08003e26   0x00000006   Code   RO         2615    i.vListInitialiseItem  list.o
    0x08003e2c   0x08003e2c   0x00000030   Code   RO         2616    i.vListInsert       list.o
    0x08003e5c   0x08003e5c   0x00000018   Code   RO         2617    i.vListInsertEnd    list.o
    0x08003e74   0x08003e74   0x00000040   Code   RO         3517    i.vPortEnterCritical  port.o
    0x08003eb4   0x08003eb4   0x00000028   Code   RO         3518    i.vPortExitCritical  port.o
    0x08003edc   0x08003edc   0x0000005c   Code   RO         3455    i.vPortFree         heap_4.o
    0x08003f38   0x08003f38   0x00000020   Code   RO         3519    i.vPortSetupTimerInterrupt  port.o
    0x08003f58   0x08003f58   0x0000004c   Code   RO         2804    i.vTaskDelay        tasks.o
    0x08003fa4   0x08003fa4   0x000000ac   Code   RO         2805    i.vTaskDelete       tasks.o
    0x08004050   0x08004050   0x00000068   Code   RO         2815    i.vTaskStartScheduler  tasks.o
    0x080040b8   0x080040b8   0x000000b0   Code   RO         2816    i.vTaskSuspend      tasks.o
    0x08004168   0x08004168   0x00000010   Code   RO         2817    i.vTaskSuspendAll   tasks.o
    0x08004178   0x08004178   0x0000005c   Code   RO         2818    i.vTaskSwitchContext  tasks.o
    0x080041d4   0x080041d4   0x00000074   Code   RO         3521    i.xPortStartScheduler  port.o
    0x08004248   0x08004248   0x0000002c   Code   RO         3522    i.xPortSysTickHandler  port.o
    0x08004274   0x08004274   0x00000056   Code   RO         2820    i.xTaskCreate       tasks.o
    0x080042ca   0x080042ca   0x00000002   PAD
    0x080042cc   0x080042cc   0x0000001c   Code   RO         2824    i.xTaskGetSchedulerState  tasks.o
    0x080042e8   0x080042e8   0x000000c8   Code   RO         2827    i.xTaskIncrementTick  tasks.o
    0x080043b0   0x080043b0   0x000000c4   Code   RO         2833    i.xTaskResumeAll    tasks.o
    0x08004474   0x08004474   0x0000003c   Data   RO          314    .constdata          freertos.o
    0x080044b0   0x080044b0   0x00000010   Data   RO         2482    .constdata          system_stm32f1xx.o
    0x080044c0   0x080044c0   0x00000008   Data   RO         2483    .constdata          system_stm32f1xx.o
    0x080044c8   0x080044c8   0x00000874   Data   RO         3838    .constdata          oled.o
    0x08004d3c   0x08004d3c   0x0000002b   Data   RO          315    .conststring        freertos.o
    0x08004d67   0x08004d67   0x00000001   PAD
    0x08004d68   0x08004d68   0x00000020   Data   RO         4395    Region$$Table       anon$$obj.o


    Execution Region RW_IRAM1 (Exec base: 0x20000000, Load base: 0x08004d88, Size: 0x00001d18, Max: 0x00010000, ABSOLUTE)

    Exec Addr    Load Addr    Size         Type   Attr      Idx    E Section Name        Object

    0x20000000   0x08004d88   0x0000000c   Data   RW          316    .data               freertos.o
    0x2000000c   0x08004d94   0x0000000c   Data   RW         1588    .data               stm32f1xx_hal.o
    0x20000018   0x08004da0   0x00000004   Data   RW         2484    .data               system_stm32f1xx.o
    0x2000001c   0x08004da4   0x0000003c   Data   RW         2836    .data               tasks.o
    0x20000058   0x08004de0   0x00000018   Data   RW         3460    .data               heap_4.o
    0x20000070   0x08004df8   0x0000000c   Data   RW         3523    .data               port.o
    0x2000007c   0x08004e04   0x0000000c   Data   RW         3950    .data               dji_remote.o
    0x20000088   0x08004e10   0x00000064   Data   RW         3997    .data               bsp_can.o
    0x200000ec   0x08004e74   0x00000004   Data   RW         4371    .data               mc_w.l(stdout.o)
    0x200000f0        -       0x00000028   Zero   RW          249    .bss                can.o
    0x20000118        -       0x00000058   Zero   RW          378    .bss                spi.o
    0x20000170        -       0x000000c4   Zero   RW          422    .bss                usart.o
    0x20000234        -       0x000000f0   Zero   RW         2835    .bss                tasks.o
    0x20000324        -       0x00001000   Zero   RW         3459    .bss                heap_4.o
    0x20001324        -       0x00000010   Zero   RW         3756    .bss                robomaster_vcan.o
    0x20001334        -       0x0000016c   Zero   RW         3791    .bss                chassis_task.o
    0x200014a0        -       0x00000400   Zero   RW         3837    .bss                oled.o
    0x200018a0        -       0x00000064   Zero   RW         3948    .bss                dji_remote.o
    0x20001904        -       0x00000014   Zero   RW         3949    .bss                dji_remote.o
    0x20001918        -       0x00000400   Zero   RW            1    STACK               startup_stm32f105xc.o


==============================================================================

Image component sizes


      Code (inc. data)   RO Data    RW Data    ZI Data      Debug   Object Name

       260         22          0        100          0       2729   bsp_can.o
       232         26          0          0         40       1669   can.o
       196         66          0          0        364       1320   chassis_task.o
       102          0          0          0          0      13208   cmsis_os.o
       490         18          0         12        120       4265   dji_remote.o
        44          4          0          0          0        738   dma.o
         0          0          0          0          0       9572   event_groups.o
       144         40        103         12          0       5607   freertos.o
       128         10          0          0          0        919   gpio.o
       460         24          0         24       4096       7255   heap_4.o
       192         68          0          0          0       1555   initial_task.o
       136          0          0          0          0       3398   list.o
       162         18          0          0          0     616772   main.o
       658         36       2164          0       1024       5173   oled.o
       180          0          0          0          0       1498   pid.o
       522         62          0         12          0      10212   port.o
        88          8          0          0         16       1738   robomaster_vcan.o
       188         28          0          0         88       1637   spi.o
        36          8        336          0       1024        804   startup_stm32f105xc.o
       164         28          0         12          0       6989   stm32f1xx_hal.o
      1638          6          0          0          0      13635   stm32f1xx_hal_can.o
       194         14          0          0          0      25763   stm32f1xx_hal_cortex.o
       830         44          0          0          0       3596   stm32f1xx_hal_dma.o
       462         36          0          0          0       3461   stm32f1xx_hal_gpio.o
        72         10          0          0          0        846   stm32f1xx_hal_msp.o
      1592        112          0          0          0       5508   stm32f1xx_hal_rcc.o
       542          0          0          0          0       3295   stm32f1xx_hal_spi.o
       130          0          0          0          0       1067   stm32f1xx_hal_spi_ex.o
       752          4          0          0          0       3924   stm32f1xx_hal_uart.o
        74         24          0          0          0       4729   stm32f1xx_it.o
        84         16         24          4          0       1167   system_stm32f1xx.o
      1780        150          0         60        240      17364   tasks.o
       420         60          0          0        196       2962   usart.o

    ----------------------------------------------------------------------
     12986        942       2660        236       7208     784375   Object Totals
         0          0         32          0          0          0   (incl. Generated)
        34          0          1          0          0          0   (incl. Padding)

    ----------------------------------------------------------------------

      Code (inc. data)   RO Data    RW Data    ZI Data      Debug   Library Member Name

         0          0          0          0          0          0   entry.o
         0          0          0          0          0          0   entry10a.o
         0          0          0          0          0          0   entry11a.o
         8          4          0          0          0          0   entry2.o
         4          0          0          0          0          0   entry5.o
         0          0          0          0          0          0   entry7b.o
         0          0          0          0          0          0   entry8b.o
         8          4          0          0          0          0   entry9a.o
        30          0          0          0          0          0   handlers.o
        36          8          0          0          0         68   init.o
         0          0          0          0          0          0   iusefp.o
        30          0          0          0          0         68   llshl.o
        36          0          0          0          0         68   llsshr.o
        32          0          0          0          0         68   llushr.o
        36          0          0          0          0         68   memcpya.o
        36          0          0          0          0        108   memseta.o
      2258         90          0          0          0        452   printfa.o
         0          0          0          4          0          0   stdout.o
        44          0          0          0          0         80   uidiv.o
        98          0          0          0          0         92   uldiv.o
        48          0          0          0          0         68   cdrcmple.o
        20          0          0          0          0         68   cfrcmple.o
       334          0          0          0          0        148   dadd.o
       222          0          0          0          0        100   ddiv.o
       186          0          0          0          0        176   depilogue.o
        48          0          0          0          0         68   dfixul.o
       228          0          0          0          0         96   dmul.o
       176          0          0          0          0        140   fadd.o
       110          0          0          0          0        168   fepilogue.o
        50          0          0          0          0         68   ffixi.o
        18          0          0          0          0         68   fflti.o
       100          0          0          0          0         76   fmul.o

    ----------------------------------------------------------------------
      4202        106          0          4          0       2316   Library Totals
         6          0          0          0          0          0   (incl. Padding)

    ----------------------------------------------------------------------

      Code (inc. data)   RO Data    RW Data    ZI Data      Debug   Library Name

      2656        106          0          4          0       1072   mc_w.l
      1540          0          0          0          0       1244   mf_w.l

    ----------------------------------------------------------------------
      4202        106          0          4          0       2316   Library Totals

    ----------------------------------------------------------------------

==============================================================================


      Code (inc. data)   RO Data    RW Data    ZI Data      Debug   

     17188       1048       2660        240       7208     778679   Grand Totals
     17188       1048       2660        240       7208     778679   ELF Image Totals
     17188       1048       2660        240          0          0   ROM Totals

==============================================================================

    Total RO  Size (Code + RO Data)                19848 (  19.38kB)
    Total RW  Size (RW Data + ZI Data)              7448 (   7.27kB)
    Total ROM Size (Code + RO Data + RW Data)      20088 (  19.62kB)

==============================================================================

